Archive member included to satisfy reference by file (symbol)

C:/ST/STM32CubeIDE_1.13.2/STM32CubeIDE/plugins/com.st.stm32cube.ide.mcu.externaltools.gnu-tools-for-stm32.11.3.rel1.win32_1.1.100.202309141235/tools/bin/../lib/gcc/arm-none-eabi/11.3.1/../../../../arm-none-eabi/lib/thumb/v7-m/nofp\libc_nano.a(libc_a-exit.o)
                              C:/ST/STM32CubeIDE_1.13.2/STM32CubeIDE/plugins/com.st.stm32cube.ide.mcu.externaltools.gnu-tools-for-stm32.11.3.rel1.win32_1.1.100.202309141235/tools/bin/../lib/gcc/arm-none-eabi/11.3.1/../../../../arm-none-eabi/lib/thumb/v7-m/nofp/crt0.o (exit)
C:/ST/STM32CubeIDE_1.13.2/STM32CubeIDE/plugins/com.st.stm32cube.ide.mcu.externaltools.gnu-tools-for-stm32.11.3.rel1.win32_1.1.100.202309141235/tools/bin/../lib/gcc/arm-none-eabi/11.3.1/../../../../arm-none-eabi/lib/thumb/v7-m/nofp\libc_nano.a(libc_a-findfp.o)
                              C:/ST/STM32CubeIDE_1.13.2/STM32CubeIDE/plugins/com.st.stm32cube.ide.mcu.externaltools.gnu-tools-for-stm32.11.3.rel1.win32_1.1.100.202309141235/tools/bin/../lib/gcc/arm-none-eabi/11.3.1/../../../../arm-none-eabi/lib/thumb/v7-m/nofp\libc_nano.a(libc_a-exit.o) (__stdio_exit_handler)
C:/ST/STM32CubeIDE_1.13.2/STM32CubeIDE/plugins/com.st.stm32cube.ide.mcu.externaltools.gnu-tools-for-stm32.11.3.rel1.win32_1.1.100.202309141235/tools/bin/../lib/gcc/arm-none-eabi/11.3.1/../../../../arm-none-eabi/lib/thumb/v7-m/nofp\libc_nano.a(libc_a-fwalk.o)
                              C:/ST/STM32CubeIDE_1.13.2/STM32CubeIDE/plugins/com.st.stm32cube.ide.mcu.externaltools.gnu-tools-for-stm32.11.3.rel1.win32_1.1.100.202309141235/tools/bin/../lib/gcc/arm-none-eabi/11.3.1/../../../../arm-none-eabi/lib/thumb/v7-m/nofp\libc_nano.a(libc_a-findfp.o) (_fwalk_sglue)
C:/ST/STM32CubeIDE_1.13.2/STM32CubeIDE/plugins/com.st.stm32cube.ide.mcu.externaltools.gnu-tools-for-stm32.11.3.rel1.win32_1.1.100.202309141235/tools/bin/../lib/gcc/arm-none-eabi/11.3.1/../../../../arm-none-eabi/lib/thumb/v7-m/nofp\libc_nano.a(libc_a-sprintf.o)
                              ./Core/Src/fsm_automatic.o (sprintf)
C:/ST/STM32CubeIDE_1.13.2/STM32CubeIDE/plugins/com.st.stm32cube.ide.mcu.externaltools.gnu-tools-for-stm32.11.3.rel1.win32_1.1.100.202309141235/tools/bin/../lib/gcc/arm-none-eabi/11.3.1/../../../../arm-none-eabi/lib/thumb/v7-m/nofp\libc_nano.a(libc_a-stdio.o)
                              C:/ST/STM32CubeIDE_1.13.2/STM32CubeIDE/plugins/com.st.stm32cube.ide.mcu.externaltools.gnu-tools-for-stm32.11.3.rel1.win32_1.1.100.202309141235/tools/bin/../lib/gcc/arm-none-eabi/11.3.1/../../../../arm-none-eabi/lib/thumb/v7-m/nofp\libc_nano.a(libc_a-findfp.o) (__sread)
C:/ST/STM32CubeIDE_1.13.2/STM32CubeIDE/plugins/com.st.stm32cube.ide.mcu.externaltools.gnu-tools-for-stm32.11.3.rel1.win32_1.1.100.202309141235/tools/bin/../lib/gcc/arm-none-eabi/11.3.1/../../../../arm-none-eabi/lib/thumb/v7-m/nofp\libc_nano.a(libc_a-memset.o)
                              C:/ST/STM32CubeIDE_1.13.2/STM32CubeIDE/plugins/com.st.stm32cube.ide.mcu.externaltools.gnu-tools-for-stm32.11.3.rel1.win32_1.1.100.202309141235/tools/bin/../lib/gcc/arm-none-eabi/11.3.1/../../../../arm-none-eabi/lib/thumb/v7-m/nofp/crt0.o (memset)
C:/ST/STM32CubeIDE_1.13.2/STM32CubeIDE/plugins/com.st.stm32cube.ide.mcu.externaltools.gnu-tools-for-stm32.11.3.rel1.win32_1.1.100.202309141235/tools/bin/../lib/gcc/arm-none-eabi/11.3.1/../../../../arm-none-eabi/lib/thumb/v7-m/nofp\libc_nano.a(libc_a-closer.o)
                              C:/ST/STM32CubeIDE_1.13.2/STM32CubeIDE/plugins/com.st.stm32cube.ide.mcu.externaltools.gnu-tools-for-stm32.11.3.rel1.win32_1.1.100.202309141235/tools/bin/../lib/gcc/arm-none-eabi/11.3.1/../../../../arm-none-eabi/lib/thumb/v7-m/nofp\libc_nano.a(libc_a-stdio.o) (_close_r)
C:/ST/STM32CubeIDE_1.13.2/STM32CubeIDE/plugins/com.st.stm32cube.ide.mcu.externaltools.gnu-tools-for-stm32.11.3.rel1.win32_1.1.100.202309141235/tools/bin/../lib/gcc/arm-none-eabi/11.3.1/../../../../arm-none-eabi/lib/thumb/v7-m/nofp\libc_nano.a(libc_a-reent.o)
                              C:/ST/STM32CubeIDE_1.13.2/STM32CubeIDE/plugins/com.st.stm32cube.ide.mcu.externaltools.gnu-tools-for-stm32.11.3.rel1.win32_1.1.100.202309141235/tools/bin/../lib/gcc/arm-none-eabi/11.3.1/../../../../arm-none-eabi/lib/thumb/v7-m/nofp\libc_nano.a(libc_a-closer.o) (errno)
C:/ST/STM32CubeIDE_1.13.2/STM32CubeIDE/plugins/com.st.stm32cube.ide.mcu.externaltools.gnu-tools-for-stm32.11.3.rel1.win32_1.1.100.202309141235/tools/bin/../lib/gcc/arm-none-eabi/11.3.1/../../../../arm-none-eabi/lib/thumb/v7-m/nofp\libc_nano.a(libc_a-impure.o)
                              C:/ST/STM32CubeIDE_1.13.2/STM32CubeIDE/plugins/com.st.stm32cube.ide.mcu.externaltools.gnu-tools-for-stm32.11.3.rel1.win32_1.1.100.202309141235/tools/bin/../lib/gcc/arm-none-eabi/11.3.1/../../../../arm-none-eabi/lib/thumb/v7-m/nofp\libc_nano.a(libc_a-sprintf.o) (_impure_ptr)
[...]
Memory Configuration

Name             Origin             Length             Attributes
RAM              0x0000000020000000 0x0000000000005000 xrw
FLASH            0x0000000008000000 0x0000000000020000 xr
*default*        0x0000000000000000 0xffffffffffffffff

Linker script and memory map

LOAD C:/ST/STM32CubeIDE_1.13.2/STM32CubeIDE/plugins/com.st.stm32cube.ide.mcu.externaltools.gnu-tools-for-stm32.11.3.rel1.win32_1.1.100.202309141235/tools/bin/../lib/gcc/arm-none-eabi/11.3.1/thumb/v7-m/nofp/crti.o
LOAD C:/ST/STM32CubeIDE_1.13.2/STM32CubeIDE/plugins/com.st.stm32cube.ide.mcu.externaltools.gnu-tools-for-stm32.11.3.rel1.win32_1.1.100.202309141235/tools/bin/../lib/gcc/arm-none-eabi/11.3.1/thumb/v7-m/nofp/crtbegin.o
LOAD C:/ST/STM32CubeIDE_1.13.2/STM32CubeIDE/plugins/com.st.stm32cube.ide.mcu.externaltools.gnu-tools-for-stm32.11.3.rel1.win32_1.1.100.202309141235/tools/bin/../lib/gcc/arm-none-eabi/11.3.1/../../../../arm-none-eabi/lib/thumb/v7-m/nofp/crt0.o
LOAD ./Core/Src/button.o
LOAD ./Core/Src/buzzer.o
LOAD ./Core/Src/fsm_automatic.o
LOAD ./Core/Src/fsm_manual.o
LOAD ./Core/Src/fsm_tuning.o
LOAD ./Core/Src/global.o
LOAD ./Core/Src/main.o
LOAD ./Core/Src/scheduler.o
LOAD ./Core/Src/software_timer.o
LOAD ./Core/Src/stm32f1xx_hal_msp.o
LOAD ./Core/Src/stm32f1xx_it.o
LOAD ./Core/Src/syscalls.o
LOAD ./Core/Src/sysmem.o
LOAD ./Core/Src/system_stm32f1xx.o
LOAD ./Core/Startup/startup_stm32f103rbtx.o
LOAD ./Drivers/STM32F1xx_HAL_Driver/Src/stm32f1xx_hal.o
LOAD ./Drivers/STM32F1xx_HAL_Driver/Src/stm32f1xx_hal_cortex.o
LOAD ./Drivers/STM32F1xx_HAL_Driver/Src/stm32f1xx_hal_dma.o
LOAD ./Drivers/STM32F1xx_HAL_Driver/Src/stm32f1xx_hal_exti.o
LOAD ./Drivers/STM32F1xx_HAL_Driver/Src/stm32f1xx_hal_flash.o
LOAD ./Drivers/STM32F1xx_HAL_Driver/Src/stm32f1xx_hal_flash_ex.o
LOAD ./Drivers/STM32F1xx_HAL_Driver/Src/stm32f1xx_hal_gpio.o
LOAD ./Drivers/STM32F1xx_HAL_Driver/Src/stm32f1xx_hal_gpio_ex.o
LOAD ./Drivers/STM32F1xx_HAL_Driver/Src/stm32f1xx_hal_pwr.o
LOAD ./Drivers/STM32F1xx_HAL_Driver/Src/stm32f1xx_hal_rcc.o
LOAD ./Drivers/STM32F1xx_HAL_Driver/Src/stm32f1xx_hal_rcc_ex.o
LOAD ./Drivers/STM32F1xx_HAL_Driver/Src/stm32f1xx_hal_tim.o
LOAD ./Drivers/STM32F1xx_HAL_Driver/Src/stm32f1xx_hal_tim_ex.o
LOAD ./Drivers/STM32F1xx_HAL_Driver/Src/stm32f1xx_hal_uart.o
START GROUP
LOAD C:/ST/STM32CubeIDE_1.13.2/STM32CubeIDE/plugins/com.st.stm32cube.ide.mcu.externaltools.gnu-tools-for-stm32.11.3.rel1.win32_1.1.100.202309141235/tools/bin/../lib/gcc/arm-none-eabi/11.3.1/../../../../arm-none-eabi/lib/thumb/v7-m/nofp\libc_nano.a
LOAD C:/ST/STM32CubeIDE_1.13.2/STM32CubeIDE/plugins/com.st.stm32cube.ide.mcu.externaltools.gnu-tools-for-stm32.11.3.rel1.win32_1.1.100.202309141235/tools/bin/../lib/gcc/arm-none-eabi/11.3.1/../../../../arm-none-eabi/lib/thumb/v7-m/nofp\libm.a
END GROUP
START GROUP
LOAD C:/ST/STM32CubeIDE_1.13.2/STM32CubeIDE/plugins/com.st.stm32cube.ide.mcu.externaltools.gnu-tools-for-stm32.11.3.rel1.win32_1.1.100.202309141235/tools/bin/../lib/gcc/arm-none-eabi/11.3.1/thumb/v7-m/nofp\libgcc.a
LOAD C:/ST/STM32CubeIDE_1.13.2/STM32CubeIDE/plugins/com.st.stm32cube.ide.mcu.externaltools.gnu-tools-for-stm32.11.3.rel1.win32_1.1.100.202309141235/tools/bin/../lib/gcc/arm-none-eabi/11.3.1/../../../../arm-none-eabi/lib/thumb/v7-m/nofp\libc_nano.a
END GROUP
START GROUP
LOAD C:/ST/STM32CubeIDE_1.13.2/STM32CubeIDE/plugins/com.st.stm32cube.ide.mcu.externaltools.gnu-tools-for-stm32.11.3.rel1.win32_1.1.100.202309141235/tools/bin/../lib/gcc/arm-none-eabi/11.3.1/thumb/v7-m/nofp\libgcc.a
LOAD C:/ST/STM32CubeIDE_1.13.2/STM32CubeIDE/plugins/com.st.stm32cube.ide.mcu.externaltools.gnu-tools-for-stm32.11.3.rel1.win32_1.1.100.202309141235/tools/bin/../lib/gcc/arm-none-eabi/11.3.1/../../../../arm-none-eabi/lib/thumb/v7-m/nofp\libc_nano.a
LOAD C:/ST/STM32CubeIDE_1.13.2/STM32CubeIDE/plugins/com.st.stm32cube.ide.mcu.externaltools.gnu-tools-for-stm32.11.3.rel1.win32_1.1.100.202309141235/tools/bin/../lib/gcc/arm-none-eabi/11.3.1/../../../../arm-none-eabi/lib/thumb/v7-m/nofp\libnosys.a
END GROUP
START GROUP
LOAD C:/ST/STM32CubeIDE_1.13.2/STM32CubeIDE/plugins/com.st.stm32cube.ide.mcu.externaltools.gnu-tools-for-stm32.11.3.rel1.win32_1.1.100.202309141235/tools/bin/../lib/gcc/arm-none-eabi/11.3.1/thumb/v7-m/nofp\libgcc.a
LOAD C:/ST/STM32CubeIDE_1.13.2/STM32CubeIDE/plugins/com.st.stm32cube.ide.mcu.externaltools.gnu-tools-for-stm32.11.3.rel1.win32_1.1.100.202309141235/tools/bin/../lib/gcc/arm-none-eabi/11.3.1/../../../../arm-none-eabi/lib/thumb/v7-m/nofp\libc_nano.a
LOAD C:/ST/STM32CubeIDE_1.13.2/STM32CubeIDE/plugins/com.st.stm32cube.ide.mcu.externaltools.gnu-tools-for-stm32.11.3.rel1.win32_1.1.100.202309141235/tools/bin/../lib/gcc/arm-none-eabi/11.3.1/../../../../arm-none-eabi/lib/thumb/v7-m/nofp\libnosys.a
END GROUP
LOAD C:/ST/STM32CubeIDE_1.13.2/STM32CubeIDE/plugins/com.st.stm32cube.ide.mcu.externaltools.gnu-tools-for-stm32.11.3.rel1.win32_1.1.100.202309141235/tools/bin/../lib/gcc/arm-none-eabi/11.3.1/thumb/v7-m/nofp/crtend.o
LOAD C:/ST/STM32CubeIDE_1.13.2/STM32CubeIDE/plugins/com.st.stm32cube.ide.mcu.externaltools.gnu-tools-for-stm32.11.3.rel1.win32_1.1.100.202309141235/tools/bin/../lib/gcc/arm-none-eabi/11.3.1/thumb/v7-m/nofp/crtn.o
                0x0000000020005000                _estack = (ORIGIN (RAM) + LENGTH (RAM))
                0x0000000000000200                _Min_Heap_Size = 0x200
                0x0000000000000400                _Min_Stack_Size = 0x400

.isr_vector     0x0000000008000000      0x10c
                0x0000000008000000                . = ALIGN (0x4)
 *(.isr_vector)
 .isr_vector    0x0000000008000000      0x10c ./Core/Startup/startup_stm32f103rbtx.o
                0x0000000008000000                g_pfnVectors
                0x000000000800010c                . = ALIGN (0x4)

.text           0x000000000800010c     0x56fc
                0x000000000800010c                . = ALIGN (0x4)
 *(.text)
 .text          0x000000000800010c       0x40 C:/ST/STM32CubeIDE_1.13.2/STM32CubeIDE/plugins/com.st.stm32cube.ide.mcu.externaltools.gnu-tools-for-stm32.11.3.rel1.win32_1.1.100.202309141235/tools/bin/../lib/gcc/arm-none-eabi/11.3.1/thumb/v7-m/nofp/crtbegin.o
 *(.text*)
 .text.getKeyInput
                0x000000000800014c      0x15c ./Core/Src/button.o
                0x000000000800014c                getKeyInput
 .text.isBTPressed
                0x00000000080002a8       0x34 ./Core/Src/button.o
                0x00000000080002a8                isBTPressed
 .text.isBTHold
                0x00000000080002dc       0x34 ./Core/Src/button.o
                0x00000000080002dc                isBTHold
 .text.buzzer_init
                0x0000000008000310       0x24 ./Core/Src/buzzer.o
                0x0000000008000310                buzzer_init
 .text.buzzer_sound
                0x0000000008000334       0x64 ./Core/Src/buzzer.o
                0x0000000008000334                buzzer_sound
 .text.buzzer_run
                0x0000000008000398       0xc0 ./Core/Src/buzzer.o
                0x0000000008000398                buzzer_run
 .text.buzzer_set
                0x0000000008000458       0x50 ./Core/Src/buzzer.o
                0x0000000008000458                buzzer_set
 .text.fsm_automatic_run
                0x00000000080004a8      0x9d4 ./Core/Src/fsm_automatic.o
                0x00000000080004a8                fsm_automatic_run
 .text.fsm_manual_run
                0x0000000008000e7c      0x464 ./Core/Src/fsm_manual.o
                0x0000000008000e7c                fsm_manual_run
 .text.ledBalance
                0x00000000080012e0      0x32c ./Core/Src/fsm_tuning.o
                0x00000000080012e0                ledBalance
 .text.fsm_tuning_run
                0x000000000800160c      0x70c ./Core/Src/fsm_tuning.o
                0x000000000800160c                fsm_tuning_run
 .text.controlTrafficLights
                0x0000000008001d18      0x108 ./Core/Src/global.o
                0x0000000008001d18                controlTrafficLights
 .text.controlPedLights
                0x0000000008001e20       0xbc ./Core/Src/global.o
                0x0000000008001e20                controlPedLights
 .text.clearTrafficLights
                0x0000000008001edc       0x3c ./Core/Src/global.o
                0x0000000008001edc                clearTrafficLights
 .text.toggleRedLED
                0x0000000008001f18       0x38 ./Core/Src/global.o
                0x0000000008001f18                toggleRedLED
 .text.toggleGreenLED
                0x0000000008001f50       0x38 ./Core/Src/global.o
                0x0000000008001f50                toggleGreenLED
 .text.toggleYellowLED
                0x0000000008001f88       0x34 ./Core/Src/global.o
                0x0000000008001f88                toggleYellowLED
 .text.main     0x0000000008001fbc       0xa4 ./Core/Src/main.o
                0x0000000008001fbc                main
 .text.SystemClock_Config
                0x0000000008002060       0x82 ./Core/Src/main.o
                0x0000000008002060                SystemClock_Config
 *fill*         0x00000000080020e2        0x2 
 .text.MX_TIM2_Init
                0x00000000080020e4       0x98 ./Core/Src/main.o
 .text.MX_TIM3_Init
                0x000000000800217c       0xb4 ./Core/Src/main.o
 .text.MX_USART2_UART_Init
                0x0000000008002230       0x54 ./Core/Src/main.o
 .text.MX_GPIO_Init
                0x0000000008002284       0xdc ./Core/Src/main.o
 .text.HAL_TIM_PeriodElapsedCallback
                0x0000000008002360       0x14 ./Core/Src/main.o
                0x0000000008002360                HAL_TIM_PeriodElapsedCallback
 .text.Error_Handler
                0x0000000008002374        0xa ./Core/Src/main.o
                0x0000000008002374                Error_Handler
 *fill*         0x000000000800237e        0x2 
 .text.SCH_Init
                0x0000000008002380       0x8c ./Core/Src/scheduler.o
                0x0000000008002380                SCH_Init
 .text.SCH_Update
                0x000000000800240c       0x50 ./Core/Src/scheduler.o
                0x000000000800240c                SCH_Update
 .text.SCH_Add_Task
                0x000000000800245c      0x2ac ./Core/Src/scheduler.o
                0x000000000800245c                SCH_Add_Task
 .text.SCH_Delete_Task
                0x0000000008002708      0x1e8 ./Core/Src/scheduler.o
                0x0000000008002708                SCH_Delete_Task
 .text.SCH_Dispatch_Tasks
                0x00000000080028f0       0x58 ./Core/Src/scheduler.o
                0x00000000080028f0                SCH_Dispatch_Tasks
 .text.Get_New_Task_ID
                0x0000000008002948       0x30 ./Core/Src/scheduler.o
 .text.setTimer
                0x0000000008002978       0x40 ./Core/Src/software_timer.o
                0x0000000008002978                setTimer
 .text.timerRun
                0x00000000080029b8       0x60 ./Core/Src/software_timer.o
                0x00000000080029b8                timerRun
 .text.resetAllTimers
                0x0000000008002a18       0x40 ./Core/Src/software_timer.o
                0x0000000008002a18                resetAllTimers
 .text.HAL_MspInit
                0x0000000008002a58       0x64 ./Core/Src/stm32f1xx_hal_msp.o
                0x0000000008002a58                HAL_MspInit
 .text.HAL_TIM_Base_MspInit
                0x0000000008002abc       0x48 ./Core/Src/stm32f1xx_hal_msp.o
                0x0000000008002abc                HAL_TIM_Base_MspInit
 .text.HAL_TIM_PWM_MspInit
                0x0000000008002b04       0x3c ./Core/Src/stm32f1xx_hal_msp.o
                0x0000000008002b04                HAL_TIM_PWM_MspInit
 .text.HAL_TIM_MspPostInit
                0x0000000008002b40       0x64 ./Core/Src/stm32f1xx_hal_msp.o
                0x0000000008002b40                HAL_TIM_MspPostInit
 .text.HAL_UART_MspInit
                0x0000000008002ba4       0x94 ./Core/Src/stm32f1xx_hal_msp.o
                0x0000000008002ba4                HAL_UART_MspInit
 .text.NMI_Handler
                0x0000000008002c38        0x6 ./Core/Src/stm32f1xx_it.o
                0x0000000008002c38                NMI_Handler
 .text.HardFault_Handler
                0x0000000008002c3e        0x6 ./Core/Src/stm32f1xx_it.o
                0x0000000008002c3e                HardFault_Handler
 .text.MemManage_Handler
                0x0000000008002c44        0x6 ./Core/Src/stm32f1xx_it.o
                0x0000000008002c44                MemManage_Handler
 .text.BusFault_Handler
                0x0000000008002c4a        0x6 ./Core/Src/stm32f1xx_it.o
                0x0000000008002c4a                BusFault_Handler
 .text.UsageFault_Handler
                0x0000000008002c50        0x6 ./Core/Src/stm32f1xx_it.o
                0x0000000008002c50                UsageFault_Handler
 .text.SVC_Handler
                0x0000000008002c56        0xc ./Core/Src/stm32f1xx_it.o
                0x0000000008002c56                SVC_Handler
 .text.DebugMon_Handler
                0x0000000008002c62        0xc ./Core/Src/stm32f1xx_it.o
                0x0000000008002c62                DebugMon_Handler
 .text.PendSV_Handler
                0x0000000008002c6e        0xc ./Core/Src/stm32f1xx_it.o
                0x0000000008002c6e                PendSV_Handler
 .text.SysTick_Handler
                0x0000000008002c7a        0xc ./Core/Src/stm32f1xx_it.o
                0x0000000008002c7a                SysTick_Handler
 *fill*         0x0000000008002c86        0x2 
 .text.TIM2_IRQHandler
                0x0000000008002c88       0x14 ./Core/Src/stm32f1xx_it.o
                0x0000000008002c88                TIM2_IRQHandler
 .text._sbrk    0x0000000008002c9c       0x6c ./Core/Src/sysmem.o
                0x0000000008002c9c                _sbrk
 .text.SystemInit
                0x0000000008002d08        0xc ./Core/Src/system_stm32f1xx.o
                0x0000000008002d08                SystemInit
 .text.Reset_Handler
                0x0000000008002d14       0x48 ./Core/Startup/startup_stm32f103rbtx.o
                0x0000000008002d14                Reset_Handler
 .text.Default_Handler
                0x0000000008002d5c        0x2 ./Core/Startup/startup_stm32f103rbtx.o
                0x0000000008002d5c                RTC_Alarm_IRQHandler
                0x0000000008002d5c                EXTI2_IRQHandler
                0x0000000008002d5c                TIM1_CC_IRQHandler
                0x0000000008002d5c                PVD_IRQHandler
                0x0000000008002d5c                EXTI3_IRQHandler
                0x0000000008002d5c                EXTI0_IRQHandler
                0x0000000008002d5c                I2C2_EV_IRQHandler
                0x0000000008002d5c                ADC1_2_IRQHandler
                0x0000000008002d5c                SPI1_IRQHandler
                0x0000000008002d5c                TAMPER_IRQHandler
                0x0000000008002d5c                DMA1_Channel4_IRQHandler
                0x0000000008002d5c                USART3_IRQHandler
                0x0000000008002d5c                RTC_IRQHandler
                0x0000000008002d5c                DMA1_Channel7_IRQHandler
                0x0000000008002d5c                CAN1_RX1_IRQHandler
                0x0000000008002d5c                TIM4_IRQHandler
                0x0000000008002d5c                I2C1_EV_IRQHandler
                0x0000000008002d5c                DMA1_Channel6_IRQHandler
                0x0000000008002d5c                TIM3_IRQHandler
                0x0000000008002d5c                RCC_IRQHandler
                0x0000000008002d5c                TIM1_TRG_COM_IRQHandler
                0x0000000008002d5c                DMA1_Channel1_IRQHandler
                0x0000000008002d5c                Default_Handler
                0x0000000008002d5c                EXTI15_10_IRQHandler
                0x0000000008002d5c                EXTI9_5_IRQHandler
                0x0000000008002d5c                SPI2_IRQHandler
                0x0000000008002d5c                DMA1_Channel5_IRQHandler
                0x0000000008002d5c                EXTI4_IRQHandler
                0x0000000008002d5c                USB_LP_CAN1_RX0_IRQHandler
                0x0000000008002d5c                USB_HP_CAN1_TX_IRQHandler
                0x0000000008002d5c                DMA1_Channel3_IRQHandler
                0x0000000008002d5c                TIM1_UP_IRQHandler
                0x0000000008002d5c                WWDG_IRQHandler
                0x0000000008002d5c                TIM1_BRK_IRQHandler
                0x0000000008002d5c                EXTI1_IRQHandler
                0x0000000008002d5c                USART2_IRQHandler
                0x0000000008002d5c                I2C2_ER_IRQHandler
                0x0000000008002d5c                DMA1_Channel2_IRQHandler
                0x0000000008002d5c                CAN1_SCE_IRQHandler
                0x0000000008002d5c                FLASH_IRQHandler
                0x0000000008002d5c                USART1_IRQHandler
                0x0000000008002d5c                I2C1_ER_IRQHandler
                0x0000000008002d5c                USBWakeUp_IRQHandler
 *fill*         0x0000000008002d5e        0x2 
 .text.HAL_Init
                0x0000000008002d60       0x2c ./Drivers/STM32F1xx_HAL_Driver/Src/stm32f1xx_hal.o
                0x0000000008002d60                HAL_Init
 .text.HAL_InitTick
                0x0000000008002d8c       0x60 ./Drivers/STM32F1xx_HAL_Driver/Src/stm32f1xx_hal.o
                0x0000000008002d8c                HAL_InitTick
 .text.HAL_IncTick
                0x0000000008002dec       0x24 ./Drivers/STM32F1xx_HAL_Driver/Src/stm32f1xx_hal.o
                0x0000000008002dec                HAL_IncTick
 .text.HAL_GetTick
                0x0000000008002e10       0x14 ./Drivers/STM32F1xx_HAL_Driver/Src/stm32f1xx_hal.o
                0x0000000008002e10                HAL_GetTick
 .text.__NVIC_SetPriorityGrouping
                0x0000000008002e24       0x48 ./Drivers/STM32F1xx_HAL_Driver/Src/stm32f1xx_hal_cortex.o
 .text.__NVIC_GetPriorityGrouping
                0x0000000008002e6c       0x1c ./Drivers/STM32F1xx_HAL_Driver/Src/stm32f1xx_hal_cortex.o
 .text.__NVIC_EnableIRQ
                0x0000000008002e88       0x38 ./Drivers/STM32F1xx_HAL_Driver/Src/stm32f1xx_hal_cortex.o
 .text.__NVIC_SetPriority
                0x0000000008002ec0       0x54 ./Drivers/STM32F1xx_HAL_Driver/Src/stm32f1xx_hal_cortex.o
 .text.NVIC_EncodePriority
                0x0000000008002f14       0x64 ./Drivers/STM32F1xx_HAL_Driver/Src/stm32f1xx_hal_cortex.o
 .text.SysTick_Config
                0x0000000008002f78       0x44 ./Drivers/STM32F1xx_HAL_Driver/Src/stm32f1xx_hal_cortex.o
 .text.HAL_NVIC_SetPriorityGrouping
                0x0000000008002fbc       0x16 ./Drivers/STM32F1xx_HAL_Driver/Src/stm32f1xx_hal_cortex.o
                0x0000000008002fbc                HAL_NVIC_SetPriorityGrouping
 .text.HAL_NVIC_SetPriority
                0x0000000008002fd2       0x38 ./Drivers/STM32F1xx_HAL_Driver/Src/stm32f1xx_hal_cortex.o
                0x0000000008002fd2                HAL_NVIC_SetPriority
 .text.HAL_NVIC_EnableIRQ
                0x000000000800300a       0x1c ./Drivers/STM32F1xx_HAL_Driver/Src/stm32f1xx_hal_cortex.o
                0x000000000800300a                HAL_NVIC_EnableIRQ
 .text.HAL_SYSTICK_Config
                0x0000000008003026       0x18 ./Drivers/STM32F1xx_HAL_Driver/Src/stm32f1xx_hal_cortex.o
                0x0000000008003026                HAL_SYSTICK_Config
 *fill*         0x000000000800303e        0x2 
 .text.HAL_GPIO_Init
                0x0000000008003040      0x308 ./Drivers/STM32F1xx_HAL_Driver/Src/stm32f1xx_hal_gpio.o
                0x0000000008003040                HAL_GPIO_Init
 .text.HAL_GPIO_ReadPin
                0x0000000008003348       0x2e ./Drivers/STM32F1xx_HAL_Driver/Src/stm32f1xx_hal_gpio.o
                0x0000000008003348                HAL_GPIO_ReadPin
 .text.HAL_GPIO_WritePin
                0x0000000008003376       0x30 ./Drivers/STM32F1xx_HAL_Driver/Src/stm32f1xx_hal_gpio.o
                0x0000000008003376                HAL_GPIO_WritePin
 .text.HAL_GPIO_TogglePin
                0x00000000080033a6       0x32 ./Drivers/STM32F1xx_HAL_Driver/Src/stm32f1xx_hal_gpio.o
                0x00000000080033a6                HAL_GPIO_TogglePin
 .text.HAL_PWR_EnterSLEEPMode
                0x00000000080033d8       0x38 ./Drivers/STM32F1xx_HAL_Driver/Src/stm32f1xx_hal_pwr.o
                0x00000000080033d8                HAL_PWR_EnterSLEEPMode
 .text.HAL_RCC_OscConfig
                0x0000000008003410      0x504 ./Drivers/STM32F1xx_HAL_Driver/Src/stm32f1xx_hal_rcc.o
                0x0000000008003410                HAL_RCC_OscConfig
 .text.HAL_RCC_ClockConfig
                0x0000000008003914      0x1d4 ./Drivers/STM32F1xx_HAL_Driver/Src/stm32f1xx_hal_rcc.o
                0x0000000008003914                HAL_RCC_ClockConfig
 .text.HAL_RCC_GetSysClockFreq
                0x0000000008003ae8       0xa8 ./Drivers/STM32F1xx_HAL_Driver/Src/stm32f1xx_hal_rcc.o
                0x0000000008003ae8                HAL_RCC_GetSysClockFreq
 .text.HAL_RCC_GetHCLKFreq
                0x0000000008003b90       0x14 ./Drivers/STM32F1xx_HAL_Driver/Src/stm32f1xx_hal_rcc.o
                0x0000000008003b90                HAL_RCC_GetHCLKFreq
 .text.HAL_RCC_GetPCLK1Freq
                0x0000000008003ba4       0x28 ./Drivers/STM32F1xx_HAL_Driver/Src/stm32f1xx_hal_rcc.o
                0x0000000008003ba4                HAL_RCC_GetPCLK1Freq
 .text.HAL_RCC_GetPCLK2Freq
                0x0000000008003bcc       0x28 ./Drivers/STM32F1xx_HAL_Driver/Src/stm32f1xx_hal_rcc.o
                0x0000000008003bcc                HAL_RCC_GetPCLK2Freq
 .text.RCC_Delay
                0x0000000008003bf4       0x3c ./Drivers/STM32F1xx_HAL_Driver/Src/stm32f1xx_hal_rcc.o
 .text.HAL_TIM_Base_Init
                0x0000000008003c30       0x9e ./Drivers/STM32F1xx_HAL_Driver/Src/stm32f1xx_hal_tim.o
                0x0000000008003c30                HAL_TIM_Base_Init
 *fill*         0x0000000008003cce        0x2 
 .text.HAL_TIM_Base_Start_IT
                0x0000000008003cd0       0xa4 ./Drivers/STM32F1xx_HAL_Driver/Src/stm32f1xx_hal_tim.o
                0x0000000008003cd0                HAL_TIM_Base_Start_IT
 .text.HAL_TIM_PWM_Init
                0x0000000008003d74       0x9e ./Drivers/STM32F1xx_HAL_Driver/Src/stm32f1xx_hal_tim.o
                0x0000000008003d74                HAL_TIM_PWM_Init
 *fill*         0x0000000008003e12        0x2 
 .text.HAL_TIM_PWM_Start
                0x0000000008003e14      0x144 ./Drivers/STM32F1xx_HAL_Driver/Src/stm32f1xx_hal_tim.o
                0x0000000008003e14                HAL_TIM_PWM_Start
 .text.HAL_TIM_IRQHandler
                0x0000000008003f58      0x210 ./Drivers/STM32F1xx_HAL_Driver/Src/stm32f1xx_hal_tim.o
                0x0000000008003f58                HAL_TIM_IRQHandler
 .text.HAL_TIM_PWM_ConfigChannel
                0x0000000008004168      0x184 ./Drivers/STM32F1xx_HAL_Driver/Src/stm32f1xx_hal_tim.o
                0x0000000008004168                HAL_TIM_PWM_ConfigChannel
 .text.HAL_TIM_ConfigClockSource
                0x00000000080042ec      0x18e ./Drivers/STM32F1xx_HAL_Driver/Src/stm32f1xx_hal_tim.o
                0x00000000080042ec                HAL_TIM_ConfigClockSource
 .text.HAL_TIM_OC_DelayElapsedCallback
                0x000000000800447a       0x12 ./Drivers/STM32F1xx_HAL_Driver/Src/stm32f1xx_hal_tim.o
                0x000000000800447a                HAL_TIM_OC_DelayElapsedCallback
 .text.HAL_TIM_IC_CaptureCallback
                0x000000000800448c       0x12 ./Drivers/STM32F1xx_HAL_Driver/Src/stm32f1xx_hal_tim.o
                0x000000000800448c                HAL_TIM_IC_CaptureCallback
 .text.HAL_TIM_PWM_PulseFinishedCallback
                0x000000000800449e       0x12 ./Drivers/STM32F1xx_HAL_Driver/Src/stm32f1xx_hal_tim.o
                0x000000000800449e                HAL_TIM_PWM_PulseFinishedCallback
 .text.HAL_TIM_TriggerCallback
                0x00000000080044b0       0x12 ./Drivers/STM32F1xx_HAL_Driver/Src/stm32f1xx_hal_tim.o
                0x00000000080044b0                HAL_TIM_TriggerCallback
 *fill*         0x00000000080044c2        0x2 
 .text.TIM_Base_SetConfig
                0x00000000080044c4       0xc4 ./Drivers/STM32F1xx_HAL_Driver/Src/stm32f1xx_hal_tim.o
                0x00000000080044c4                TIM_Base_SetConfig
 .text.TIM_OC1_SetConfig
                0x0000000008004588       0xcc ./Drivers/STM32F1xx_HAL_Driver/Src/stm32f1xx_hal_tim.o
 .text.TIM_OC2_SetConfig
                0x0000000008004654       0xd4 ./Drivers/STM32F1xx_HAL_Driver/Src/stm32f1xx_hal_tim.o
                0x0000000008004654                TIM_OC2_SetConfig
 .text.TIM_OC3_SetConfig
                0x0000000008004728       0xd4 ./Drivers/STM32F1xx_HAL_Driver/Src/stm32f1xx_hal_tim.o
 .text.TIM_OC4_SetConfig
                0x00000000080047fc       0x9c ./Drivers/STM32F1xx_HAL_Driver/Src/stm32f1xx_hal_tim.o
 .text.TIM_TI1_ConfigInputStage
                0x0000000008004898       0x5c ./Drivers/STM32F1xx_HAL_Driver/Src/stm32f1xx_hal_tim.o
 .text.TIM_TI2_ConfigInputStage
                0x00000000080048f4       0x5e ./Drivers/STM32F1xx_HAL_Driver/Src/stm32f1xx_hal_tim.o
 .text.TIM_ITRx_SetConfig
                0x0000000008004952       0x34 ./Drivers/STM32F1xx_HAL_Driver/Src/stm32f1xx_hal_tim.o
 .text.TIM_ETR_SetConfig
                0x0000000008004986       0x3e ./Drivers/STM32F1xx_HAL_Driver/Src/stm32f1xx_hal_tim.o
                0x0000000008004986                TIM_ETR_SetConfig
 .text.TIM_CCxChannelCmd
                0x00000000080049c4       0x48 ./Drivers/STM32F1xx_HAL_Driver/Src/stm32f1xx_hal_tim.o
                0x00000000080049c4                TIM_CCxChannelCmd
 .text.HAL_TIMEx_MasterConfigSynchronization
                0x0000000008004a0c       0xbc ./Drivers/STM32F1xx_HAL_Driver/Src/stm32f1xx_hal_tim_ex.o
                0x0000000008004a0c                HAL_TIMEx_MasterConfigSynchronization
 .text.HAL_TIMEx_CommutCallback
                0x0000000008004ac8       0x12 ./Drivers/STM32F1xx_HAL_Driver/Src/stm32f1xx_hal_tim_ex.o
                0x0000000008004ac8                HAL_TIMEx_CommutCallback
 .text.HAL_TIMEx_BreakCallback
                0x0000000008004ada       0x12 ./Drivers/STM32F1xx_HAL_Driver/Src/stm32f1xx_hal_tim_ex.o
                0x0000000008004ada                HAL_TIMEx_BreakCallback
 .text.HAL_UART_Init
                0x0000000008004aec       0xa0 ./Drivers/STM32F1xx_HAL_Driver/Src/stm32f1xx_hal_uart.o
                0x0000000008004aec                HAL_UART_Init
 .text.HAL_UART_Transmit
                0x0000000008004b8c      0x106 ./Drivers/STM32F1xx_HAL_Driver/Src/stm32f1xx_hal_uart.o
                0x0000000008004b8c                HAL_UART_Transmit
 .text.UART_WaitOnFlagUntilTimeout
                0x0000000008004c92       0xdc ./Drivers/STM32F1xx_HAL_Driver/Src/stm32f1xx_hal_uart.o
 *fill*         0x0000000008004d6e        0x2 
 .text.UART_SetConfig
                0x0000000008004d70      0x11c ./Drivers/STM32F1xx_HAL_Driver/Src/stm32f1xx_hal_uart.o
 .text.sprintf  0x0000000008004e8c       0x40 C:/ST/STM32CubeIDE_1.13.2/STM32CubeIDE/plugins/com.st.stm32cube.ide.mcu.externaltools.gnu-tools-for-stm32.11.3.rel1.win32_1.1.100.202309141235/tools/bin/../lib/gcc/arm-none-eabi/11.3.1/../../../../arm-none-eabi/lib/thumb/v7-m/nofp\libc_nano.a(libc_a-sprintf.o)
                0x0000000008004e8c                siprintf
                0x0000000008004e8c                sprintf
 .text.memset   0x0000000008004ecc       0x10 C:/ST/STM32CubeIDE_1.13.2/STM32CubeIDE/plugins/com.st.stm32cube.ide.mcu.externaltools.gnu-tools-for-stm32.11.3.rel1.win32_1.1.100.202309141235/tools/bin/../lib/gcc/arm-none-eabi/11.3.1/../../../../arm-none-eabi/lib/thumb/v7-m/nofp\libc_nano.a(libc_a-memset.o)
                0x0000000008004ecc                memset
 .text.__errno  0x0000000008004edc        0xc C:/ST/STM32CubeIDE_1.13.2/STM32CubeIDE/plugins/com.st.stm32cube.ide.mcu.externaltools.gnu-tools-for-stm32.11.3.rel1.win32_1.1.100.202309141235/tools/bin/../lib/gcc/arm-none-eabi/11.3.1/../../../../arm-none-eabi/lib/thumb/v7-m/nofp\libc_nano.a(libc_a-errno.o)
                0x0000000008004edc                __errno
 .text.__libc_init_array
                0x0000000008004ee8       0x48 C:/ST/STM32CubeIDE_1.13.2/STM32CubeIDE/plugins/com.st.stm32cube.ide.mcu.externaltools.gnu-tools-for-stm32.11.3.rel1.win32_1.1.100.202309141235/tools/bin/../lib/gcc/arm-none-eabi/11.3.1/../../../../arm-none-eabi/lib/thumb/v7-m/nofp\libc_nano.a(libc_a-init.o)
                0x0000000008004ee8                __libc_init_array
 .text.__retarget_lock_acquire_recursive
                0x0000000008004f30        0x2 C:/ST/STM32CubeIDE_1.13.2/STM32CubeIDE/plugins/com.st.stm32cube.ide.mcu.externaltools.gnu-tools-for-stm32.11.3.rel1.win32_1.1.100.202309141235/tools/bin/../lib/gcc/arm-none-eabi/11.3.1/../../../../arm-none-eabi/lib/thumb/v7-m/nofp\libc_nano.a(libc_a-lock.o)
                0x0000000008004f30                __retarget_lock_acquire_recursive
 .text.__retarget_lock_release_recursive
                0x0000000008004f32        0x2 C:/ST/STM32CubeIDE_1.13.2/STM32CubeIDE/plugins/com.st.stm32cube.ide.mcu.externaltools.gnu-tools-for-stm32.11.3.rel1.win32_1.1.100.202309141235/tools/bin/../lib/gcc/arm-none-eabi/11.3.1/../../../../arm-none-eabi/lib/thumb/v7-m/nofp\libc_nano.a(libc_a-lock.o)
                0x0000000008004f32                __retarget_lock_release_recursive
 .text._free_r  0x0000000008004f34       0x90 C:/ST/STM32CubeIDE_1.13.2/STM32CubeIDE/plugins/com.st.stm32cube.ide.mcu.externaltools.gnu-tools-for-stm32.11.3.rel1.win32_1.1.100.202309141235/tools/bin/../lib/gcc/arm-none-eabi/11.3.1/../../../../arm-none-eabi/lib/thumb/v7-m/nofp\libc_nano.a(libc_a-freer.o)
                0x0000000008004f34                _free_r
 .text.sbrk_aligned
                0x0000000008004fc4       0x40 C:/ST/STM32CubeIDE_1.13.2/STM32CubeIDE/plugins/com.st.stm32cube.ide.mcu.externaltools.gnu-tools-for-stm32.11.3.rel1.win32_1.1.100.202309141235/tools/bin/../lib/gcc/arm-none-eabi/11.3.1/../../../../arm-none-eabi/lib/thumb/v7-m/nofp\libc_nano.a(libc_a-mallocr.o)
 .text._malloc_r
                0x0000000008005004      0x100 C:/ST/STM32CubeIDE_1.13.2/STM32CubeIDE/plugins/com.st.stm32cube.ide.mcu.externaltools.gnu-tools-for-stm32.11.3.rel1.win32_1.1.100.202309141235/tools/bin/../lib/gcc/arm-none-eabi/11.3.1/../../../../arm-none-eabi/lib/thumb/v7-m/nofp\libc_nano.a(libc_a-mallocr.o)
                0x0000000008005004                _malloc_r
 .text.__malloc_lock
                0x0000000008005104        0xc C:/ST/STM32CubeIDE_1.13.2/STM32CubeIDE/plugins/com.st.stm32cube.ide.mcu.externaltools.gnu-tools-for-stm32.11.3.rel1.win32_1.1.100.202309141235/tools/bin/../lib/gcc/arm-none-eabi/11.3.1/../../../../arm-none-eabi/lib/thumb/v7-m/nofp\libc_nano.a(libc_a-mlock.o)
                0x0000000008005104                __malloc_lock
 .text.__malloc_unlock
                0x0000000008005110        0xc C:/ST/STM32CubeIDE_1.13.2/STM32CubeIDE/plugins/com.st.stm32cube.ide.mcu.externaltools.gnu-tools-for-stm32.11.3.rel1.win32_1.1.100.202309141235/tools/bin/../lib/gcc/arm-none-eabi/11.3.1/../../../../arm-none-eabi/lib/thumb/v7-m/nofp\libc_nano.a(libc_a-mlock.o)
                0x0000000008005110                __malloc_unlock
 .text.__ssputs_r
                0x000000000800511c       0xb4 C:/ST/STM32CubeIDE_1.13.2/STM32CubeIDE/plugins/com.st.stm32cube.ide.mcu.externaltools.gnu-tools-for-stm32.11.3.rel1.win32_1.1.100.202309141235/tools/bin/../lib/gcc/arm-none-eabi/11.3.1/../../../../arm-none-eabi/lib/thumb/v7-m/nofp\libc_nano.a(libc_a-nano-svfprintf.o)
                0x000000000800511c                __ssputs_r
 .text._svfprintf_r
                0x00000000080051d0      0x1fc C:/ST/STM32CubeIDE_1.13.2/STM32CubeIDE/plugins/com.st.stm32cube.ide.mcu.externaltools.gnu-tools-for-stm32.11.3.rel1.win32_1.1.100.202309141235/tools/bin/../lib/gcc/arm-none-eabi/11.3.1/../../../../arm-none-eabi/lib/thumb/v7-m/nofp\libc_nano.a(libc_a-nano-svfprintf.o)
                0x00000000080051d0                _svfiprintf_r
                0x00000000080051d0                _svfprintf_r
 .text._printf_common
                0x00000000080053cc       0xe4 C:/ST/STM32CubeIDE_1.13.2/STM32CubeIDE/plugins/com.st.stm32cube.ide.mcu.externaltools.gnu-tools-for-stm32.11.3.rel1.win32_1.1.100.202309141235/tools/bin/../lib/gcc/arm-none-eabi/11.3.1/../../../../arm-none-eabi/lib/thumb/v7-m/nofp\libc_nano.a(libc_a-nano-vfprintf_i.o)
                0x00000000080053cc                _printf_common
 .text._printf_i
                0x00000000080054b0      0x244 C:/ST/STM32CubeIDE_1.13.2/STM32CubeIDE/plugins/com.st.stm32cube.ide.mcu.externaltools.gnu-tools-for-stm32.11.3.rel1.win32_1.1.100.202309141235/tools/bin/../lib/gcc/arm-none-eabi/11.3.1/../../../../arm-none-eabi/lib/thumb/v7-m/nofp\libc_nano.a(libc_a-nano-vfprintf_i.o)
                0x00000000080054b0                _printf_i
 .text.memmove  0x00000000080056f4       0x34 C:/ST/STM32CubeIDE_1.13.2/STM32CubeIDE/plugins/com.st.stm32cube.ide.mcu.externaltools.gnu-tools-for-stm32.11.3.rel1.win32_1.1.100.202309141235/tools/bin/../lib/gcc/arm-none-eabi/11.3.1/../../../../arm-none-eabi/lib/thumb/v7-m/nofp\libc_nano.a(libc_a-memmove.o)
                0x00000000080056f4                memmove
 .text._sbrk_r  0x0000000008005728       0x20 C:/ST/STM32CubeIDE_1.13.2/STM32CubeIDE/plugins/com.st.stm32cube.ide.mcu.externaltools.gnu-tools-for-stm32.11.3.rel1.win32_1.1.100.202309141235/tools/bin/../lib/gcc/arm-none-eabi/11.3.1/../../../../arm-none-eabi/lib/thumb/v7-m/nofp\libc_nano.a(libc_a-sbrkr.o)
                0x0000000008005728                _sbrk_r
 .text.memchr   0x0000000008005748       0x1c C:/ST/STM32CubeIDE_1.13.2/STM32CubeIDE/plugins/com.st.stm32cube.ide.mcu.externaltools.gnu-tools-for-stm32.11.3.rel1.win32_1.1.100.202309141235/tools/bin/../lib/gcc/arm-none-eabi/11.3.1/../../../../arm-none-eabi/lib/thumb/v7-m/nofp\libc_nano.a(libc_a-memchr-stub.o)
                0x0000000008005748                memchr
 .text.memcpy   0x0000000008005764       0x1c C:/ST/STM32CubeIDE_1.13.2/STM32CubeIDE/plugins/com.st.stm32cube.ide.mcu.externaltools.gnu-tools-for-stm32.11.3.rel1.win32_1.1.100.202309141235/tools/bin/../lib/gcc/arm-none-eabi/11.3.1/../../../../arm-none-eabi/lib/thumb/v7-m/nofp\libc_nano.a(libc_a-memcpy-stub.o)
                0x0000000008005764                memcpy
 .text._realloc_r
                0x0000000008005780       0x5e C:/ST/STM32CubeIDE_1.13.2/STM32CubeIDE/plugins/com.st.stm32cube.ide.mcu.externaltools.gnu-tools-for-stm32.11.3.rel1.win32_1.1.100.202309141235/tools/bin/../lib/gcc/arm-none-eabi/11.3.1/../../../../arm-none-eabi/lib/thumb/v7-m/nofp\libc_nano.a(libc_a-reallocr.o)
                0x0000000008005780                _realloc_r
 .text._malloc_usable_size_r
                0x00000000080057de       0x10 C:/ST/STM32CubeIDE_1.13.2/STM32CubeIDE/plugins/com.st.stm32cube.ide.mcu.externaltools.gnu-tools-for-stm32.11.3.rel1.win32_1.1.100.202309141235/tools/bin/../lib/gcc/arm-none-eabi/11.3.1/../../../../arm-none-eabi/lib/thumb/v7-m/nofp\libc_nano.a(libc_a-msizer.o)
                0x00000000080057de                _malloc_usable_size_r
 *(.glue_7)
 .glue_7        0x00000000080057ee        0x0 linker stubs
 *(.glue_7t)
 .glue_7t       0x00000000080057ee        0x0 linker stubs
 *(.eh_frame)
 *fill*         0x00000000080057ee        0x2 
 .eh_frame      0x00000000080057f0        0x0 C:/ST/STM32CubeIDE_1.13.2/STM32CubeIDE/plugins/com.st.stm32cube.ide.mcu.externaltools.gnu-tools-for-stm32.11.3.rel1.win32_1.1.100.202309141235/tools/bin/../lib/gcc/arm-none-eabi/11.3.1/thumb/v7-m/nofp/crtbegin.o
 *(.init)
 .init          0x00000000080057f0        0x4 C:/ST/STM32CubeIDE_1.13.2/STM32CubeIDE/plugins/com.st.stm32cube.ide.mcu.externaltools.gnu-tools-for-stm32.11.3.rel1.win32_1.1.100.202309141235/tools/bin/../lib/gcc/arm-none-eabi/11.3.1/thumb/v7-m/nofp/crti.o
                0x00000000080057f0                _init
 .init          0x00000000080057f4        0x8 C:/ST/STM32CubeIDE_1.13.2/STM32CubeIDE/plugins/com.st.stm32cube.ide.mcu.externaltools.gnu-tools-for-stm32.11.3.rel1.win32_1.1.100.202309141235/tools/bin/../lib/gcc/arm-none-eabi/11.3.1/thumb/v7-m/nofp/crtn.o
 *(.fini)
 .fini          0x00000000080057fc        0x4 C:/ST/STM32CubeIDE_1.13.2/STM32CubeIDE/plugins/com.st.stm32cube.ide.mcu.externaltools.gnu-tools-for-stm32.11.3.rel1.win32_1.1.100.202309141235/tools/bin/../lib/gcc/arm-none-eabi/11.3.1/thumb/v7-m/nofp/crti.o
                0x00000000080057fc                _fini
 .fini          0x0000000008005800        0x8 C:/ST/STM32CubeIDE_1.13.2/STM32CubeIDE/plugins/com.st.stm32cube.ide.mcu.externaltools.gnu-tools-for-stm32.11.3.rel1.win32_1.1.100.202309141235/tools/bin/../lib/gcc/arm-none-eabi/11.3.1/thumb/v7-m/nofp/crtn.o
                0x0000000008005808                . = ALIGN (0x4)
                0x0000000008005808                _etext = .

.vfp11_veneer   0x0000000008005808        0x0
 .vfp11_veneer  0x0000000008005808        0x0 linker stubs

.v4_bx          0x0000000008005808        0x0
 .v4_bx         0x0000000008005808        0x0 linker stubs

.iplt           0x0000000008005808        0x0
 .iplt          0x0000000008005808        0x0 C:/ST/STM32CubeIDE_1.13.2/STM32CubeIDE/plugins/com.st.stm32cube.ide.mcu.externaltools.gnu-tools-for-stm32.11.3.rel1.win32_1.1.100.202309141235/tools/bin/../lib/gcc/arm-none-eabi/11.3.1/thumb/v7-m/nofp/crtbegin.o

.rodata         0x0000000008005808      0x32c
                0x0000000008005808                . = ALIGN (0x4)
 *(.rodata)
 .rodata        0x0000000008005808       0x7a ./Core/Src/fsm_automatic.o
 *fill*         0x0000000008005882        0x2 
 .rodata        0x0000000008005884       0x62 ./Core/Src/fsm_manual.o
 *fill*         0x00000000080058e6        0x2 
 .rodata        0x00000000080058e8      0x1ec ./Core/Src/fsm_tuning.o
 *(.rodata*)
 .rodata.AHBPrescTable
                0x0000000008005ad4       0x10 ./Core/Src/system_stm32f1xx.o
                0x0000000008005ad4                AHBPrescTable
 .rodata.APBPrescTable
                0x0000000008005ae4        0x8 ./Core/Src/system_stm32f1xx.o
                0x0000000008005ae4                APBPrescTable
 .rodata.aPLLMULFactorTable.1
                0x0000000008005aec       0x10 ./Drivers/STM32F1xx_HAL_Driver/Src/stm32f1xx_hal_rcc.o
 .rodata.aPredivFactorTable.0
                0x0000000008005afc        0x2 ./Drivers/STM32F1xx_HAL_Driver/Src/stm32f1xx_hal_rcc.o
 .rodata._svfprintf_r.str1.1
                0x0000000008005afe       0x11 C:/ST/STM32CubeIDE_1.13.2/STM32CubeIDE/plugins/com.st.stm32cube.ide.mcu.externaltools.gnu-tools-for-stm32.11.3.rel1.win32_1.1.100.202309141235/tools/bin/../lib/gcc/arm-none-eabi/11.3.1/../../../../arm-none-eabi/lib/thumb/v7-m/nofp\libc_nano.a(libc_a-nano-svfprintf.o)
 .rodata._printf_i.str1.1
                0x0000000008005b0f       0x22 C:/ST/STM32CubeIDE_1.13.2/STM32CubeIDE/plugins/com.st.stm32cube.ide.mcu.externaltools.gnu-tools-for-stm32.11.3.rel1.win32_1.1.100.202309141235/tools/bin/../lib/gcc/arm-none-eabi/11.3.1/../../../../arm-none-eabi/lib/thumb/v7-m/nofp\libc_nano.a(libc_a-nano-vfprintf_i.o)
                0x0000000008005b34                . = ALIGN (0x4)
 *fill*         0x0000000008005b31        0x3 

.rel.dyn        0x0000000008005b34        0x0
 .rel.iplt      0x0000000008005b34        0x0 C:/ST/STM32CubeIDE_1.13.2/STM32CubeIDE/plugins/com.st.stm32cube.ide.mcu.externaltools.gnu-tools-for-stm32.11.3.rel1.win32_1.1.100.202309141235/tools/bin/../lib/gcc/arm-none-eabi/11.3.1/thumb/v7-m/nofp/crtbegin.o

.ARM.extab      0x0000000008005b34        0x0
                0x0000000008005b34                . = ALIGN (0x4)
 *(.ARM.extab* .gnu.linkonce.armextab.*)
                0x0000000008005b34                . = ALIGN (0x4)

.ARM            0x0000000008005b34        0x0
                0x0000000008005b34                . = ALIGN (0x4)
                0x0000000008005b34                __exidx_start = .
 *(.ARM.exidx*)
                0x0000000008005b34                __exidx_end = .
                0x0000000008005b34                . = ALIGN (0x4)

.preinit_array  0x0000000008005b34        0x0
                0x0000000008005b34                . = ALIGN (0x4)
                0x0000000008005b34                PROVIDE (__preinit_array_start = .)
 *(.preinit_array*)
                0x0000000008005b34                PROVIDE (__preinit_array_end = .)
                0x0000000008005b34                . = ALIGN (0x4)

.init_array     0x0000000008005b34        0x4
                0x0000000008005b34                . = ALIGN (0x4)
                0x0000000008005b34                PROVIDE (__init_array_start = .)
 *(SORT_BY_NAME(.init_array.*))
 *(.init_array*)
 .init_array    0x0000000008005b34        0x4 C:/ST/STM32CubeIDE_1.13.2/STM32CubeIDE/plugins/com.st.stm32cube.ide.mcu.externaltools.gnu-tools-for-stm32.11.3.rel1.win32_1.1.100.202309141235/tools/bin/../lib/gcc/arm-none-eabi/11.3.1/thumb/v7-m/nofp/crtbegin.o
                0x0000000008005b38                PROVIDE (__init_array_end = .)
                0x0000000008005b38                . = ALIGN (0x4)

.fini_array     0x0000000008005b38        0x4
                0x0000000008005b38                . = ALIGN (0x4)
                [!provide]                        PROVIDE (__fini_array_start = .)
 *(SORT_BY_NAME(.fini_array.*))
 *(.fini_array*)
 .fini_array    0x0000000008005b38        0x4 C:/ST/STM32CubeIDE_1.13.2/STM32CubeIDE/plugins/com.st.stm32cube.ide.mcu.externaltools.gnu-tools-for-stm32.11.3.rel1.win32_1.1.100.202309141235/tools/bin/../lib/gcc/arm-none-eabi/11.3.1/thumb/v7-m/nofp/crtbegin.o
                [!provide]                        PROVIDE (__fini_array_end = .)
                0x0000000008005b3c                . = ALIGN (0x4)
                0x0000000008005b3c                _sidata = LOADADDR (.data)

.data           0x0000000020000000       0xfc load address 0x0000000008005b3c
                0x0000000020000000                . = ALIGN (0x4)
                0x0000000020000000                _sdata = .
 *(.data)
 *(.data*)
 .data.btArr    0x0000000020000000        0x8 ./Core/Src/button.o
                0x0000000020000000                btArr
 .data.btPort   0x0000000020000008       0x10 ./Core/Src/button.o
                0x0000000020000008                btPort
 .data.KeyReg0  0x0000000020000018       0x10 ./Core/Src/button.o
                0x0000000020000018                KeyReg0
 .data.KeyReg1  0x0000000020000028       0x10 ./Core/Src/button.o
                0x0000000020000028                KeyReg1
 .data.KeyReg2  0x0000000020000038       0x10 ./Core/Src/button.o
                0x0000000020000038                KeyReg2
 .data.KeyReg3  0x0000000020000048       0x10 ./Core/Src/button.o
                0x0000000020000048                KeyReg3
 .data.TimeOutForKeyPress
                0x0000000020000058       0x10 ./Core/Src/button.o
                0x0000000020000058                TimeOutForKeyPress
 .data.ped_green
                0x0000000020000068       0x20 ./Core/Src/buzzer.o
                0x0000000020000068                ped_green
 .data.redTemp  0x0000000020000088        0x4 ./Core/Src/fsm_tuning.o
                0x0000000020000088                redTemp
 .data.greenTemp
                0x000000002000008c        0x4 ./Core/Src/fsm_tuning.o
                0x000000002000008c                greenTemp
 .data.yellowTemp
                0x0000000020000090        0x4 ./Core/Src/fsm_tuning.o
                0x0000000020000090                yellowTemp
 .data.red      0x0000000020000094        0x4 ./Core/Src/global.o
                0x0000000020000094                red
 .data.green    0x0000000020000098        0x4 ./Core/Src/global.o
                0x0000000020000098                green
 .data.yellow   0x000000002000009c        0x4 ./Core/Src/global.o
                0x000000002000009c                yellow
 .data.SystemCoreClock
                0x00000000200000a0        0x4 ./Core/Src/system_stm32f1xx.o
                0x00000000200000a0                SystemCoreClock
 .data.uwTickPrio
                0x00000000200000a4        0x4 ./Drivers/STM32F1xx_HAL_Driver/Src/stm32f1xx_hal.o
                0x00000000200000a4                uwTickPrio
 .data.uwTickFreq
                0x00000000200000a8        0x1 ./Drivers/STM32F1xx_HAL_Driver/Src/stm32f1xx_hal.o
                0x00000000200000a8                uwTickFreq
 *fill*         0x00000000200000a9        0x3 
 .data._impure_data
                0x00000000200000ac       0x4c C:/ST/STM32CubeIDE_1.13.2/STM32CubeIDE/plugins/com.st.stm32cube.ide.mcu.externaltools.gnu-tools-for-stm32.11.3.rel1.win32_1.1.100.202309141235/tools/bin/../lib/gcc/arm-none-eabi/11.3.1/../../../../arm-none-eabi/lib/thumb/v7-m/nofp\libc_nano.a(libc_a-impure.o)
                0x00000000200000ac                _impure_data
 .data._impure_ptr
                0x00000000200000f8        0x4 C:/ST/STM32CubeIDE_1.13.2/STM32CubeIDE/plugins/com.st.stm32cube.ide.mcu.externaltools.gnu-tools-for-stm32.11.3.rel1.win32_1.1.100.202309141235/tools/bin/../lib/gcc/arm-none-eabi/11.3.1/../../../../arm-none-eabi/lib/thumb/v7-m/nofp\libc_nano.a(libc_a-impure.o)
                0x00000000200000f8                _impure_ptr
 *(.RamFunc)
 *(.RamFunc*)
                0x00000000200000fc                . = ALIGN (0x4)
                0x00000000200000fc                _edata = .

.igot.plt       0x00000000200000fc        0x0 load address 0x0000000008005c38
 .igot.plt      0x00000000200000fc        0x0 C:/ST/STM32CubeIDE_1.13.2/STM32CubeIDE/plugins/com.st.stm32cube.ide.mcu.externaltools.gnu-tools-for-stm32.11.3.rel1.win32_1.1.100.202309141235/tools/bin/../lib/gcc/arm-none-eabi/11.3.1/thumb/v7-m/nofp/crtbegin.o
                0x00000000200000fc                . = ALIGN (0x4)

.bss            0x00000000200000fc      0x3d0 load address 0x0000000008005c38
                0x00000000200000fc                _sbss = .
                0x00000000200000fc                __bss_start__ = _sbss
 *(.bss)
 .bss           0x00000000200000fc       0x1c C:/ST/STM32CubeIDE_1.13.2/STM32CubeIDE/plugins/com.st.stm32cube.ide.mcu.externaltools.gnu-tools-for-stm32.11.3.rel1.win32_1.1.100.202309141235/tools/bin/../lib/gcc/arm-none-eabi/11.3.1/thumb/v7-m/nofp/crtbegin.o
 *(.bss*)
 .bss.BT_flag   0x0000000020000118       0x10 ./Core/Src/button.o
                0x0000000020000118                BT_flag
 .bss.BT_hold_flag
                0x0000000020000128       0x10 ./Core/Src/button.o
                0x0000000020000128                BT_hold_flag
 .bss.idx       0x0000000020000138        0x1 ./Core/Src/buzzer.o
                0x0000000020000138                idx
 *fill*         0x0000000020000139        0x3 
 .bss.tempPSC   0x000000002000013c        0x4 ./Core/Src/buzzer.o
                0x000000002000013c                tempPSC
 .bss.buzzer_state
                0x0000000020000140        0x4 ./Core/Src/buzzer.o
                0x0000000020000140                buzzer_state
 .bss.counter1  0x0000000020000144        0x4 ./Core/Src/fsm_automatic.o
                0x0000000020000144                counter1
 .bss.counter2  0x0000000020000148        0x4 ./Core/Src/fsm_automatic.o
                0x0000000020000148                counter2
 .bss.counter1_buffer1
                0x000000002000014c        0x4 ./Core/Src/fsm_automatic.o
                0x000000002000014c                counter1_buffer1
 .bss.counter1_buffer2
                0x0000000020000150        0x4 ./Core/Src/fsm_automatic.o
                0x0000000020000150                counter1_buffer2
 .bss.counter2_buffer1
                0x0000000020000154        0x4 ./Core/Src/fsm_automatic.o
                0x0000000020000154                counter2_buffer1
 .bss.counter2_buffer2
                0x0000000020000158        0x4 ./Core/Src/fsm_automatic.o
                0x0000000020000158                counter2_buffer2
 .bss.isPed     0x000000002000015c        0x4 ./Core/Src/global.o
                0x000000002000015c                isPed
 .bss.message   0x0000000020000160       0x32 ./Core/Src/global.o
                0x0000000020000160                message
 .bss.status    0x0000000020000192        0x1 ./Core/Src/global.o
                0x0000000020000192                status
 *fill*         0x0000000020000193        0x1 
 .bss.htim2     0x0000000020000194       0x48 ./Core/Src/main.o
                0x0000000020000194                htim2
 .bss.htim3     0x00000000200001dc       0x48 ./Core/Src/main.o
                0x00000000200001dc                htim3
 .bss.huart2    0x0000000020000224       0x48 ./Core/Src/main.o
                0x0000000020000224                huart2
 .bss.SCH_tasks_G
                0x000000002000026c       0xc8 ./Core/Src/scheduler.o
 .bss.newTaskID
                0x0000000020000334        0x4 ./Core/Src/scheduler.o
 .bss.count_SCH_Update
                0x0000000020000338        0x4 ./Core/Src/scheduler.o
 .bss.timer_counter
                0x000000002000033c       0x20 ./Core/Src/software_timer.o
                0x000000002000033c                timer_counter
 .bss.timer_flag
                0x000000002000035c       0x20 ./Core/Src/software_timer.o
                0x000000002000035c                timer_flag
 .bss.__sbrk_heap_end
                0x000000002000037c        0x4 ./Core/Src/sysmem.o
 .bss.uwTick    0x0000000020000380        0x4 ./Drivers/STM32F1xx_HAL_Driver/Src/stm32f1xx_hal.o
                0x0000000020000380                uwTick
 .bss.__sf      0x0000000020000384      0x138 C:/ST/STM32CubeIDE_1.13.2/STM32CubeIDE/plugins/com.st.stm32cube.ide.mcu.externaltools.gnu-tools-for-stm32.11.3.rel1.win32_1.1.100.202309141235/tools/bin/../lib/gcc/arm-none-eabi/11.3.1/../../../../arm-none-eabi/lib/thumb/v7-m/nofp\libc_nano.a(libc_a-findfp.o)
                0x0000000020000384                __sf
 .bss.errno     0x00000000200004bc        0x4 C:/ST/STM32CubeIDE_1.13.2/STM32CubeIDE/plugins/com.st.stm32cube.ide.mcu.externaltools.gnu-tools-for-stm32.11.3.rel1.win32_1.1.100.202309141235/tools/bin/../lib/gcc/arm-none-eabi/11.3.1/../../../../arm-none-eabi/lib/thumb/v7-m/nofp\libc_nano.a(libc_a-reent.o)
                0x00000000200004bc                errno
 .bss.__lock___malloc_recursive_mutex
                0x00000000200004c0        0x1 C:/ST/STM32CubeIDE_1.13.2/STM32CubeIDE/plugins/com.st.stm32cube.ide.mcu.externaltools.gnu-tools-for-stm32.11.3.rel1.win32_1.1.100.202309141235/tools/bin/../lib/gcc/arm-none-eabi/11.3.1/../../../../arm-none-eabi/lib/thumb/v7-m/nofp\libc_nano.a(libc_a-lock.o)
                0x00000000200004c0                __lock___malloc_recursive_mutex
 *fill*         0x00000000200004c1        0x3 
 .bss.__malloc_free_list
                0x00000000200004c4        0x4 C:/ST/STM32CubeIDE_1.13.2/STM32CubeIDE/plugins/com.st.stm32cube.ide.mcu.externaltools.gnu-tools-for-stm32.11.3.rel1.win32_1.1.100.202309141235/tools/bin/../lib/gcc/arm-none-eabi/11.3.1/../../../../arm-none-eabi/lib/thumb/v7-m/nofp\libc_nano.a(libc_a-mallocr.o)
                0x00000000200004c4                __malloc_free_list
 .bss.__malloc_sbrk_start
                0x00000000200004c8        0x4 C:/ST/STM32CubeIDE_1.13.2/STM32CubeIDE/plugins/com.st.stm32cube.ide.mcu.externaltools.gnu-tools-for-stm32.11.3.rel1.win32_1.1.100.202309141235/tools/bin/../lib/gcc/arm-none-eabi/11.3.1/../../../../arm-none-eabi/lib/thumb/v7-m/nofp\libc_nano.a(libc_a-mallocr.o)
                0x00000000200004c8                __malloc_sbrk_start
 *(COMMON)
                0x00000000200004cc                . = ALIGN (0x4)
                0x00000000200004cc                _ebss = .
                0x00000000200004cc                __bss_end__ = _ebss

._user_heap_stack
                0x00000000200004cc      0x604 load address 0x0000000008005c38
                0x00000000200004d0                . = ALIGN (0x8)
 *fill*         0x00000000200004cc        0x4 
                [!provide]                        PROVIDE (end = .)
                0x00000000200004d0                PROVIDE (_end = .)
                0x00000000200006d0                . = (. + _Min_Heap_Size)
 *fill*         0x00000000200004d0      0x200 
                0x0000000020000ad0                . = (. + _Min_Stack_Size)
 *fill*         0x00000000200006d0      0x400 
                0x0000000020000ad0                . = ALIGN (0x8)

/DISCARD/
 libc.a(*)
 libm.a(*)
 libgcc.a(*)

.ARM.attributes
                0x0000000000000000       0x29
 *(.ARM.attributes)
 .ARM.attributes
                0x0000000000000000       0x1d C:/ST/STM32CubeIDE_1.13.2/STM32CubeIDE/plugins/com.st.stm32cube.ide.mcu.externaltools.gnu-tools-for-stm32.11.3.rel1.win32_1.1.100.202309141235/tools/bin/../lib/gcc/arm-none-eabi/11.3.1/thumb/v7-m/nofp/crti.o
 .ARM.attributes
                0x000000000000001d       0x2d C:/ST/STM32CubeIDE_1.13.2/STM32CubeIDE/plugins/com.st.stm32cube.ide.mcu.externaltools.gnu-tools-for-stm32.11.3.rel1.win32_1.1.100.202309141235/tools/bin/../lib/gcc/arm-none-eabi/11.3.1/thumb/v7-m/nofp/crtbegin.o
 .ARM.attributes
                0x000000000000004a       0x2d ./Core/Src/button.o
 .ARM.attributes
                0x0000000000000077       0x2d ./Core/Src/buzzer.o
 .ARM.attributes
                0x00000000000000a4       0x2d ./Core/Src/fsm_automatic.o
 .ARM.attributes
                0x00000000000000d1       0x2d ./Core/Src/fsm_manual.o
 .ARM.attributes
                0x00000000000000fe       0x2d ./Core/Src/fsm_tuning.o
 .ARM.attributes
                0x000000000000012b       0x2d ./Core/Src/global.o
 .ARM.attributes
                0x0000000000000158       0x2d ./Core/Src/main.o
 .ARM.attributes
                0x0000000000000185       0x2d ./Core/Src/scheduler.o
 .ARM.attributes
                0x00000000000001b2       0x2d ./Core/Src/software_timer.o
 .ARM.attributes
                0x00000000000001df       0x2d ./Core/Src/stm32f1xx_hal_msp.o
 .ARM.attributes
                0x000000000000020c       0x2d ./Core/Src/stm32f1xx_it.o
 .ARM.attributes
                0x0000000000000239       0x2d ./Core/Src/sysmem.o
 .ARM.attributes
                0x0000000000000266       0x2d ./Core/Src/system_stm32f1xx.o
 .ARM.attributes
                0x0000000000000293       0x21 ./Core/Startup/startup_stm32f103rbtx.o
 .ARM.attributes
                0x00000000000002b4       0x2d ./Drivers/STM32F1xx_HAL_Driver/Src/stm32f1xx_hal.o
 .ARM.attributes
                0x00000000000002e1       0x2d ./Drivers/STM32F1xx_HAL_Driver/Src/stm32f1xx_hal_cortex.o
 .ARM.attributes
                0x000000000000030e       0x2d ./Drivers/STM32F1xx_HAL_Driver/Src/stm32f1xx_hal_gpio.o
 .ARM.attributes
                0x000000000000033b       0x2d ./Drivers/STM32F1xx_HAL_Driver/Src/stm32f1xx_hal_pwr.o
 .ARM.attributes
                0x0000000000000368       0x2d ./Drivers/STM32F1xx_HAL_Driver/Src/stm32f1xx_hal_rcc.o
 .ARM.attributes
                0x0000000000000395       0x2d ./Drivers/STM32F1xx_HAL_Driver/Src/stm32f1xx_hal_tim.o
 .ARM.attributes
                0x00000000000003c2       0x2d ./Drivers/STM32F1xx_HAL_Driver/Src/stm32f1xx_hal_tim_ex.o
 .ARM.attributes
                0x00000000000003ef       0x2d ./Drivers/STM32F1xx_HAL_Driver/Src/stm32f1xx_hal_uart.o
 .ARM.attributes
                0x000000000000041c       0x2d C:/ST/STM32CubeIDE_1.13.2/STM32CubeIDE/plugins/com.st.stm32cube.ide.mcu.externaltools.gnu-tools-for-stm32.11.3.rel1.win32_1.1.100.202309141235/tools/bin/../lib/gcc/arm-none-eabi/11.3.1/../../../../arm-none-eabi/lib/thumb/v7-m/nofp\libc_nano.a(libc_a-findfp.o)
 .ARM.attributes
                0x0000000000000449       0x2d C:/ST/STM32CubeIDE_1.13.2/STM32CubeIDE/plugins/com.st.stm32cube.ide.mcu.externaltools.gnu-tools-for-stm32.11.3.rel1.win32_1.1.100.202309141235/tools/bin/../lib/gcc/arm-none-eabi/11.3.1/../../../../arm-none-eabi/lib/thumb/v7-m/nofp\libc_nano.a(libc_a-sprintf.o)
 .ARM.attributes
                0x0000000000000476       0x2d C:/ST/STM32CubeIDE_1.13.2/STM32CubeIDE/plugins/com.st.stm32cube.ide.mcu.externaltools.gnu-tools-for-stm32.11.3.rel1.win32_1.1.100.202309141235/tools/bin/../lib/gcc/arm-none-eabi/11.3.1/../../../../arm-none-eabi/lib/thumb/v7-m/nofp\libc_nano.a(libc_a-memset.o)
 .ARM.attributes
                0x00000000000004a3       0x2d C:/ST/STM32CubeIDE_1.13.2/STM32CubeIDE/plugins/com.st.stm32cube.ide.mcu.externaltools.gnu-tools-for-stm32.11.3.rel1.win32_1.1.100.202309141235/tools/bin/../lib/gcc/arm-none-eabi/11.3.1/../../../../arm-none-eabi/lib/thumb/v7-m/nofp\libc_nano.a(libc_a-reent.o)
 .ARM.attributes
                0x00000000000004d0       0x2d C:/ST/STM32CubeIDE_1.13.2/STM32CubeIDE/plugins/com.st.stm32cube.ide.mcu.externaltools.gnu-tools-for-stm32.11.3.rel1.win32_1.1.100.202309141235/tools/bin/../lib/gcc/arm-none-eabi/11.3.1/../../../../arm-none-eabi/lib/thumb/v7-m/nofp\libc_nano.a(libc_a-impure.o)
 .ARM.attributes
                0x00000000000004fd       0x2d C:/ST/STM32CubeIDE_1.13.2/STM32CubeIDE/plugins/com.st.stm32cube.ide.mcu.externaltools.gnu-tools-for-stm32.11.3.rel1.win32_1.1.100.202309141235/tools/bin/../lib/gcc/arm-none-eabi/11.3.1/../../../../arm-none-eabi/lib/thumb/v7-m/nofp\libc_nano.a(libc_a-errno.o)
 .ARM.attributes
                0x000000000000052a       0x2d C:/ST/STM32CubeIDE_1.13.2/STM32CubeIDE/plugins/com.st.stm32cube.ide.mcu.externaltools.gnu-tools-for-stm32.11.3.rel1.win32_1.1.100.202309141235/tools/bin/../lib/gcc/arm-none-eabi/11.3.1/../../../../arm-none-eabi/lib/thumb/v7-m/nofp\libc_nano.a(libc_a-init.o)
 .ARM.attributes
                0x0000000000000557       0x2d C:/ST/STM32CubeIDE_1.13.2/STM32CubeIDE/plugins/com.st.stm32cube.ide.mcu.externaltools.gnu-tools-for-stm32.11.3.rel1.win32_1.1.100.202309141235/tools/bin/../lib/gcc/arm-none-eabi/11.3.1/../../../../arm-none-eabi/lib/thumb/v7-m/nofp\libc_nano.a(libc_a-lock.o)
 .ARM.attributes
                0x0000000000000584       0x2d C:/ST/STM32CubeIDE_1.13.2/STM32CubeIDE/plugins/com.st.stm32cube.ide.mcu.externaltools.gnu-tools-for-stm32.11.3.rel1.win32_1.1.100.202309141235/tools/bin/../lib/gcc/arm-none-eabi/11.3.1/../../../../arm-none-eabi/lib/thumb/v7-m/nofp\libc_nano.a(libc_a-freer.o)
 .ARM.attributes
                0x00000000000005b1       0x2d C:/ST/STM32CubeIDE_1.13.2/STM32CubeIDE/plugins/com.st.stm32cube.ide.mcu.externaltools.gnu-tools-for-stm32.11.3.rel1.win32_1.1.100.202309141235/tools/bin/../lib/gcc/arm-none-eabi/11.3.1/../../../../arm-none-eabi/lib/thumb/v7-m/nofp\libc_nano.a(libc_a-mallocr.o)
 .ARM.attributes
                0x00000000000005de       0x2d C:/ST/STM32CubeIDE_1.13.2/STM32CubeIDE/plugins/com.st.stm32cube.ide.mcu.externaltools.gnu-tools-for-stm32.11.3.rel1.win32_1.1.100.202309141235/tools/bin/../lib/gcc/arm-none-eabi/11.3.1/../../../../arm-none-eabi/lib/thumb/v7-m/nofp\libc_nano.a(libc_a-mlock.o)
 .ARM.attributes
                0x000000000000060b       0x2d C:/ST/STM32CubeIDE_1.13.2/STM32CubeIDE/plugins/com.st.stm32cube.ide.mcu.externaltools.gnu-tools-for-stm32.11.3.rel1.win32_1.1.100.202309141235/tools/bin/../lib/gcc/arm-none-eabi/11.3.1/../../../../arm-none-eabi/lib/thumb/v7-m/nofp\libc_nano.a(libc_a-nano-svfprintf.o)
 .ARM.attributes
                0x0000000000000638       0x2d C:/ST/STM32CubeIDE_1.13.2/STM32CubeIDE/plugins/com.st.stm32cube.ide.mcu.externaltools.gnu-tools-for-stm32.11.3.rel1.win32_1.1.100.202309141235/tools/bin/../lib/gcc/arm-none-eabi/11.3.1/../../../../arm-none-eabi/lib/thumb/v7-m/nofp\libc_nano.a(libc_a-nano-vfprintf_i.o)
 .ARM.attributes
                0x0000000000000665       0x2d C:/ST/STM32CubeIDE_1.13.2/STM32CubeIDE/plugins/com.st.stm32cube.ide.mcu.externaltools.gnu-tools-for-stm32.11.3.rel1.win32_1.1.100.202309141235/tools/bin/../lib/gcc/arm-none-eabi/11.3.1/../../../../arm-none-eabi/lib/thumb/v7-m/nofp\libc_nano.a(libc_a-memmove.o)
 .ARM.attributes
                0x0000000000000692       0x2d C:/ST/STM32CubeIDE_1.13.2/STM32CubeIDE/plugins/com.st.stm32cube.ide.mcu.externaltools.gnu-tools-for-stm32.11.3.rel1.win32_1.1.100.202309141235/tools/bin/../lib/gcc/arm-none-eabi/11.3.1/../../../../arm-none-eabi/lib/thumb/v7-m/nofp\libc_nano.a(libc_a-sbrkr.o)
 .ARM.attributes
                0x00000000000006bf       0x2d C:/ST/STM32CubeIDE_1.13.2/STM32CubeIDE/plugins/com.st.stm32cube.ide.mcu.externaltools.gnu-tools-for-stm32.11.3.rel1.win32_1.1.100.202309141235/tools/bin/../lib/gcc/arm-none-eabi/11.3.1/../../../../arm-none-eabi/lib/thumb/v7-m/nofp\libc_nano.a(libc_a-memchr-stub.o)
 .ARM.attributes
                0x00000000000006ec       0x2d C:/ST/STM32CubeIDE_1.13.2/STM32CubeIDE/plugins/com.st.stm32cube.ide.mcu.externaltools.gnu-tools-for-stm32.11.3.rel1.win32_1.1.100.202309141235/tools/bin/../lib/gcc/arm-none-eabi/11.3.1/../../../../arm-none-eabi/lib/thumb/v7-m/nofp\libc_nano.a(libc_a-memcpy-stub.o)
 .ARM.attributes
                0x0000000000000719       0x2d C:/ST/STM32CubeIDE_1.13.2/STM32CubeIDE/plugins/com.st.stm32cube.ide.mcu.externaltools.gnu-tools-for-stm32.11.3.rel1.win32_1.1.100.202309141235/tools/bin/../lib/gcc/arm-none-eabi/11.3.1/../../../../arm-none-eabi/lib/thumb/v7-m/nofp\libc_nano.a(libc_a-reallocr.o)
 .ARM.attributes
                0x0000000000000746       0x2d C:/ST/STM32CubeIDE_1.13.2/STM32CubeIDE/plugins/com.st.stm32cube.ide.mcu.externaltools.gnu-tools-for-stm32.11.3.rel1.win32_1.1.100.202309141235/tools/bin/../lib/gcc/arm-none-eabi/11.3.1/../../../../arm-none-eabi/lib/thumb/v7-m/nofp\libc_nano.a(libc_a-msizer.o)
 .ARM.attributes
                0x0000000000000773       0x1d C:/ST/STM32CubeIDE_1.13.2/STM32CubeIDE/plugins/com.st.stm32cube.ide.mcu.externaltools.gnu-tools-for-stm32.11.3.rel1.win32_1.1.100.202309141235/tools/bin/../lib/gcc/arm-none-eabi/11.3.1/thumb/v7-m/nofp/crtn.o
OUTPUT(Assignment.elf elf32-littlearm)
LOAD linker stubs
LOAD C:/ST/STM32CubeIDE_1.13.2/STM32CubeIDE/plugins/com.st.stm32cube.ide.mcu.externaltools.gnu-tools-for-stm32.11.3.rel1.win32_1.1.100.202309141235/tools/bin/../lib/gcc/arm-none-eabi/11.3.1/../../../../arm-none-eabi/lib/thumb/v7-m/nofp\libc.a
LOAD C:/ST/STM32CubeIDE_1.13.2/STM32CubeIDE/plugins/com.st.stm32cube.ide.mcu.externaltools.gnu-tools-for-stm32.11.3.rel1.win32_1.1.100.202309141235/tools/bin/../lib/gcc/arm-none-eabi/11.3.1/../../../../arm-none-eabi/lib/thumb/v7-m/nofp\libm.a
LOAD C:/ST/STM32CubeIDE_1.13.2/STM32CubeIDE/plugins/com.st.stm32cube.ide.mcu.externaltools.gnu-tools-for-stm32.11.3.rel1.win32_1.1.100.202309141235/tools/bin/../lib/gcc/arm-none-eabi/11.3.1/thumb/v7-m/nofp\libgcc.a

.comment        0x0000000000000000       0x43
 .comment       0x0000000000000000       0x43 C:/ST/STM32CubeIDE_1.13.2/STM32CubeIDE/plugins/com.st.stm32cube.ide.mcu.externaltools.gnu-tools-for-stm32.11.3.rel1.win32_1.1.100.202309141235/tools/bin/../lib/gcc/arm-none-eabi/11.3.1/thumb/v7-m/nofp/crtbegin.o
                                         0x44 (size before relaxing)
 .comment       0x0000000000000043       0x44 ./Core/Src/button.o
 .comment       0x0000000000000043       0x44 ./Core/Src/buzzer.o
 .comment       0x0000000000000043       0x44 ./Core/Src/fsm_automatic.o
 .comment       0x0000000000000043       0x44 ./Core/Src/fsm_manual.o
 .comment       0x0000000000000043       0x44 ./Core/Src/fsm_tuning.o
 .comment       0x0000000000000043       0x44 ./Core/Src/global.o
 .comment       0x0000000000000043       0x44 ./Core/Src/main.o
 .comment       0x0000000000000043       0x44 ./Core/Src/scheduler.o
 .comment       0x0000000000000043       0x44 ./Core/Src/software_timer.o
 .comment       0x0000000000000043       0x44 ./Core/Src/stm32f1xx_hal_msp.o
 .comment       0x0000000000000043       0x44 ./Core/Src/stm32f1xx_it.o
 .comment       0x0000000000000043       0x44 ./Core/Src/sysmem.o
 .comment       0x0000000000000043       0x44 ./Core/Src/system_stm32f1xx.o
 .comment       0x0000000000000043       0x44 ./Drivers/STM32F1xx_HAL_Driver/Src/stm32f1xx_hal.o
 .comment       0x0000000000000043       0x44 ./Drivers/STM32F1xx_HAL_Driver/Src/stm32f1xx_hal_cortex.o
 .comment       0x0000000000000043       0x44 ./Drivers/STM32F1xx_HAL_Driver/Src/stm32f1xx_hal_gpio.o
 .comment       0x0000000000000043       0x44 ./Drivers/STM32F1xx_HAL_Driver/Src/stm32f1xx_hal_pwr.o
 .comment       0x0000000000000043       0x44 ./Drivers/STM32F1xx_HAL_Driver/Src/stm32f1xx_hal_rcc.o
 .comment       0x0000000000000043       0x44 ./Drivers/STM32F1xx_HAL_Driver/Src/stm32f1xx_hal_tim.o
 .comment       0x0000000000000043       0x44 ./Drivers/STM32F1xx_HAL_Driver/Src/stm32f1xx_hal_tim_ex.o
 .comment       0x0000000000000043       0x44 ./Drivers/STM32F1xx_HAL_Driver/Src/stm32f1xx_hal_uart.o

.debug_info     0x0000000000000000     0xe507
 .debug_info    0x0000000000000000      0x2d4 ./Core/Src/button.o
 .debug_info    0x00000000000002d4      0x729 ./Core/Src/buzzer.o
 .debug_info    0x00000000000009fd      0x795 ./Core/Src/fsm_automatic.o
 .debug_info    0x0000000000001192      0x6fc ./Core/Src/fsm_manual.o
 .debug_info    0x000000000000188e      0xa8f ./Core/Src/fsm_tuning.o
 .debug_info    0x000000000000231d      0x318 ./Core/Src/global.o
 .debug_info    0x0000000000002635     0x1049 ./Core/Src/main.o
 .debug_info    0x000000000000367e      0x2bd ./Core/Src/scheduler.o
 .debug_info    0x000000000000393b       0xf9 ./Core/Src/software_timer.o
 .debug_info    0x0000000000003a34      0xdd4 ./Core/Src/stm32f1xx_hal_msp.o
 .debug_info    0x0000000000004808      0x6a1 ./Core/Src/stm32f1xx_it.o
 .debug_info    0x0000000000004ea9      0x168 ./Core/Src/sysmem.o
 .debug_info    0x0000000000005011      0x222 ./Core/Src/system_stm32f1xx.o
 .debug_info    0x0000000000005233       0x23 ./Core/Startup/startup_stm32f103rbtx.o
 .debug_info    0x0000000000005256      0x704 ./Drivers/STM32F1xx_HAL_Driver/Src/stm32f1xx_hal.o
 .debug_info    0x000000000000595a      0xa87 ./Drivers/STM32F1xx_HAL_Driver/Src/stm32f1xx_hal_cortex.o
 .debug_info    0x00000000000063e1      0x5ab ./Drivers/STM32F1xx_HAL_Driver/Src/stm32f1xx_hal_gpio.o
 .debug_info    0x000000000000698c      0x628 ./Drivers/STM32F1xx_HAL_Driver/Src/stm32f1xx_hal_pwr.o
 .debug_info    0x0000000000006fb4      0x7d5 ./Drivers/STM32F1xx_HAL_Driver/Src/stm32f1xx_hal_rcc.o
 .debug_info    0x0000000000007789     0x293b ./Drivers/STM32F1xx_HAL_Driver/Src/stm32f1xx_hal_tim.o
 .debug_info    0x000000000000a0c4     0x149b ./Drivers/STM32F1xx_HAL_Driver/Src/stm32f1xx_hal_tim_ex.o
 .debug_info    0x000000000000b55f     0x2fa8 ./Drivers/STM32F1xx_HAL_Driver/Src/stm32f1xx_hal_uart.o

.debug_abbrev   0x0000000000000000     0x2964
 .debug_abbrev  0x0000000000000000      0x184 ./Core/Src/button.o
 .debug_abbrev  0x0000000000000184      0x21c ./Core/Src/buzzer.o
 .debug_abbrev  0x00000000000003a0      0x1dc ./Core/Src/fsm_automatic.o
 .debug_abbrev  0x000000000000057c      0x1b4 ./Core/Src/fsm_manual.o
 .debug_abbrev  0x0000000000000730      0x21a ./Core/Src/fsm_tuning.o
 .debug_abbrev  0x000000000000094a      0x186 ./Core/Src/global.o
 .debug_abbrev  0x0000000000000ad0      0x334 ./Core/Src/main.o
 .debug_abbrev  0x0000000000000e04      0x186 ./Core/Src/scheduler.o
 .debug_abbrev  0x0000000000000f8a       0xe5 ./Core/Src/software_timer.o
 .debug_abbrev  0x000000000000106f      0x1fa ./Core/Src/stm32f1xx_hal_msp.o
 .debug_abbrev  0x0000000000001269      0x191 ./Core/Src/stm32f1xx_it.o
 .debug_abbrev  0x00000000000013fa       0xbc ./Core/Src/sysmem.o
 .debug_abbrev  0x00000000000014b6      0x13f ./Core/Src/system_stm32f1xx.o
 .debug_abbrev  0x00000000000015f5       0x12 ./Core/Startup/startup_stm32f103rbtx.o
 .debug_abbrev  0x0000000000001607      0x201 ./Drivers/STM32F1xx_HAL_Driver/Src/stm32f1xx_hal.o
 .debug_abbrev  0x0000000000001808      0x2f8 ./Drivers/STM32F1xx_HAL_Driver/Src/stm32f1xx_hal_cortex.o
 .debug_abbrev  0x0000000000001b00      0x1ca ./Drivers/STM32F1xx_HAL_Driver/Src/stm32f1xx_hal_gpio.o
 .debug_abbrev  0x0000000000001cca      0x1f6 ./Drivers/STM32F1xx_HAL_Driver/Src/stm32f1xx_hal_pwr.o
 .debug_abbrev  0x0000000000001ec0      0x2b3 ./Drivers/STM32F1xx_HAL_Driver/Src/stm32f1xx_hal_rcc.o
 .debug_abbrev  0x0000000000002173      0x277 ./Drivers/STM32F1xx_HAL_Driver/Src/stm32f1xx_hal_tim.o
 .debug_abbrev  0x00000000000023ea      0x282 ./Drivers/STM32F1xx_HAL_Driver/Src/stm32f1xx_hal_tim_ex.o
 .debug_abbrev  0x000000000000266c      0x2f8 ./Drivers/STM32F1xx_HAL_Driver/Src/stm32f1xx_hal_uart.o

.debug_aranges  0x0000000000000000      0xdc8
 .debug_aranges
                0x0000000000000000       0x30 ./Core/Src/button.o
 .debug_aranges
                0x0000000000000030       0x38 ./Core/Src/buzzer.o
 .debug_aranges
                0x0000000000000068       0x20 ./Core/Src/fsm_automatic.o
 .debug_aranges
                0x0000000000000088       0x20 ./Core/Src/fsm_manual.o
 .debug_aranges
                0x00000000000000a8       0x28 ./Core/Src/fsm_tuning.o
 .debug_aranges
                0x00000000000000d0       0x48 ./Core/Src/global.o
 .debug_aranges
                0x0000000000000118       0x58 ./Core/Src/main.o
 .debug_aranges
                0x0000000000000170       0x48 ./Core/Src/scheduler.o
 .debug_aranges
                0x00000000000001b8       0x30 ./Core/Src/software_timer.o
 .debug_aranges
                0x00000000000001e8       0x58 ./Core/Src/stm32f1xx_hal_msp.o
 .debug_aranges
                0x0000000000000240       0x68 ./Core/Src/stm32f1xx_it.o
 .debug_aranges
                0x00000000000002a8       0x20 ./Core/Src/sysmem.o
 .debug_aranges
                0x00000000000002c8       0x28 ./Core/Src/system_stm32f1xx.o
 .debug_aranges
                0x00000000000002f0       0x28 ./Core/Startup/startup_stm32f103rbtx.o
 .debug_aranges
                0x0000000000000318       0xe0 ./Drivers/STM32F1xx_HAL_Driver/Src/stm32f1xx_hal.o
 .debug_aranges
                0x00000000000003f8      0x100 ./Drivers/STM32F1xx_HAL_Driver/Src/stm32f1xx_hal_cortex.o
 .debug_aranges
                0x00000000000004f8       0x58 ./Drivers/STM32F1xx_HAL_Driver/Src/stm32f1xx_hal_gpio.o
 .debug_aranges
                0x0000000000000550       0xa8 ./Drivers/STM32F1xx_HAL_Driver/Src/stm32f1xx_hal_pwr.o
 .debug_aranges
                0x00000000000005f8       0x90 ./Drivers/STM32F1xx_HAL_Driver/Src/stm32f1xx_hal_rcc.o
 .debug_aranges
                0x0000000000000688      0x3d0 ./Drivers/STM32F1xx_HAL_Driver/Src/stm32f1xx_hal_tim.o
 .debug_aranges
                0x0000000000000a58      0x168 ./Drivers/STM32F1xx_HAL_Driver/Src/stm32f1xx_hal_tim_ex.o
 .debug_aranges
                0x0000000000000bc0      0x208 ./Drivers/STM32F1xx_HAL_Driver/Src/stm32f1xx_hal_uart.o

.debug_rnglists
                0x0000000000000000      0xa9c
 .debug_rnglists
                0x0000000000000000       0x20 ./Core/Src/button.o
 .debug_rnglists
                0x0000000000000020       0x26 ./Core/Src/buzzer.o
 .debug_rnglists
                0x0000000000000046       0x14 ./Core/Src/fsm_automatic.o
 .debug_rnglists
                0x000000000000005a       0x14 ./Core/Src/fsm_manual.o
 .debug_rnglists
                0x000000000000006e       0x1b ./Core/Src/fsm_tuning.o
 .debug_rnglists
                0x0000000000000089       0x33 ./Core/Src/global.o
 .debug_rnglists
                0x00000000000000bc       0x42 ./Core/Src/main.o
 .debug_rnglists
                0x00000000000000fe       0x34 ./Core/Src/scheduler.o
 .debug_rnglists
                0x0000000000000132       0x1f ./Core/Src/software_timer.o
 .debug_rnglists
                0x0000000000000151       0x3e ./Core/Src/stm32f1xx_hal_msp.o
 .debug_rnglists
                0x000000000000018f       0x49 ./Core/Src/stm32f1xx_it.o
 .debug_rnglists
                0x00000000000001d8       0x13 ./Core/Src/sysmem.o
 .debug_rnglists
                0x00000000000001eb       0x1a ./Core/Src/system_stm32f1xx.o
 .debug_rnglists
                0x0000000000000205       0x19 ./Core/Startup/startup_stm32f103rbtx.o
 .debug_rnglists
                0x000000000000021e       0xa3 ./Drivers/STM32F1xx_HAL_Driver/Src/stm32f1xx_hal.o
 .debug_rnglists
                0x00000000000002c1       0xbb ./Drivers/STM32F1xx_HAL_Driver/Src/stm32f1xx_hal_cortex.o
 .debug_rnglists
                0x000000000000037c       0x3f ./Drivers/STM32F1xx_HAL_Driver/Src/stm32f1xx_hal_gpio.o
 .debug_rnglists
                0x00000000000003bb       0x7a ./Drivers/STM32F1xx_HAL_Driver/Src/stm32f1xx_hal_pwr.o
 .debug_rnglists
                0x0000000000000435       0x6c ./Drivers/STM32F1xx_HAL_Driver/Src/stm32f1xx_hal_rcc.o
 .debug_rnglists
                0x00000000000004a1      0x31a ./Drivers/STM32F1xx_HAL_Driver/Src/stm32f1xx_hal_tim.o
 .debug_rnglists
                0x00000000000007bb      0x125 ./Drivers/STM32F1xx_HAL_Driver/Src/stm32f1xx_hal_tim_ex.o
 .debug_rnglists
                0x00000000000008e0      0x1bc ./Drivers/STM32F1xx_HAL_Driver/Src/stm32f1xx_hal_uart.o

.debug_macro    0x0000000000000000    0x18ca2
 .debug_macro   0x0000000000000000      0x1bb ./Core/Src/button.o
 .debug_macro   0x00000000000001bb      0xa9c ./Core/Src/button.o
 .debug_macro   0x0000000000000c57      0x21b ./Core/Src/button.o
 .debug_macro   0x0000000000000e72       0x2e ./Core/Src/button.o
 .debug_macro   0x0000000000000ea0       0x22 ./Core/Src/button.o
 .debug_macro   0x0000000000000ec2       0x22 ./Core/Src/button.o
 .debug_macro   0x0000000000000ee4       0x8e ./Core/Src/button.o
 .debug_macro   0x0000000000000f72       0x51 ./Core/Src/button.o
 .debug_macro   0x0000000000000fc3      0x103 ./Core/Src/button.o
 .debug_macro   0x00000000000010c6       0x6a ./Core/Src/button.o
 .debug_macro   0x0000000000001130      0x1df ./Core/Src/button.o
 .debug_macro   0x000000000000130f       0x1c ./Core/Src/button.o
 .debug_macro   0x000000000000132b       0x22 ./Core/Src/button.o
 .debug_macro   0x000000000000134d       0xbd ./Core/Src/button.o
 .debug_macro   0x000000000000140a      0xd23 ./Core/Src/button.o
 .debug_macro   0x000000000000212d     0xe09e ./Core/Src/button.o
 .debug_macro   0x00000000000101cb       0x6d ./Core/Src/button.o
 .debug_macro   0x0000000000010238     0x348d ./Core/Src/button.o
 .debug_macro   0x00000000000136c5      0x174 ./Core/Src/button.o
 .debug_macro   0x0000000000013839       0x5c ./Core/Src/button.o
 .debug_macro   0x0000000000013895      0x5bc ./Core/Src/button.o
 .debug_macro   0x0000000000013e51      0x289 ./Core/Src/button.o
 .debug_macro   0x00000000000140da      0x1cb ./Core/Src/button.o
 .debug_macro   0x00000000000142a5      0x114 ./Core/Src/button.o
 .debug_macro   0x00000000000143b9      0x1b2 ./Core/Src/button.o
 .debug_macro   0x000000000001456b       0x27 ./Core/Src/button.o
 .debug_macro   0x0000000000014592      0x136 ./Core/Src/button.o
 .debug_macro   0x00000000000146c8      0x1bc ./Core/Src/button.o
 .debug_macro   0x0000000000014884       0x34 ./Core/Src/button.o
 .debug_macro   0x00000000000148b8       0x3c ./Core/Src/button.o
 .debug_macro   0x00000000000148f4       0x57 ./Core/Src/button.o
 .debug_macro   0x000000000001494b       0x87 ./Core/Src/button.o
 .debug_macro   0x00000000000149d2      0x240 ./Core/Src/button.o
 .debug_macro   0x0000000000014c12      0x140 ./Core/Src/button.o
 .debug_macro   0x0000000000014d52      0x8ed ./Core/Src/button.o
 .debug_macro   0x000000000001563f      0x28e ./Core/Src/button.o
 .debug_macro   0x00000000000158cd       0x83 ./Core/Src/button.o
 .debug_macro   0x0000000000015950       0x88 ./Core/Src/button.o
 .debug_macro   0x00000000000159d8       0x1c ./Core/Src/button.o
 .debug_macro   0x00000000000159f4      0x1db ./Core/Src/buzzer.o
 .debug_macro   0x0000000000015bcf       0x34 ./Core/Src/buzzer.o
 .debug_macro   0x0000000000015c03       0x16 ./Core/Src/buzzer.o
 .debug_macro   0x0000000000015c19      0x298 ./Core/Src/buzzer.o
 .debug_macro   0x0000000000015eb1      0x2c3 ./Core/Src/fsm_automatic.o
 .debug_macro   0x0000000000016174       0x2e ./Core/Src/fsm_automatic.o
 .debug_macro   0x00000000000161a2       0x61 ./Core/Src/fsm_automatic.o
 .debug_macro   0x0000000000016203       0x24 ./Core/Src/fsm_automatic.o
 .debug_macro   0x0000000000016227       0x43 ./Core/Src/fsm_automatic.o
 .debug_macro   0x000000000001626a       0x34 ./Core/Src/fsm_automatic.o
 .debug_macro   0x000000000001629e       0x16 ./Core/Src/fsm_automatic.o
 .debug_macro   0x00000000000162b4       0x35 ./Core/Src/fsm_automatic.o
 .debug_macro   0x00000000000162e9      0x369 ./Core/Src/fsm_automatic.o
 .debug_macro   0x0000000000016652       0x10 ./Core/Src/fsm_automatic.o
 .debug_macro   0x0000000000016662       0x16 ./Core/Src/fsm_automatic.o
 .debug_macro   0x0000000000016678       0x43 ./Core/Src/fsm_automatic.o
 .debug_macro   0x00000000000166bb       0x34 ./Core/Src/fsm_automatic.o
 .debug_macro   0x00000000000166ef       0x10 ./Core/Src/fsm_automatic.o
 .debug_macro   0x00000000000166ff       0x58 ./Core/Src/fsm_automatic.o
 .debug_macro   0x0000000000016757       0x8e ./Core/Src/fsm_automatic.o
 .debug_macro   0x00000000000167e5       0x1c ./Core/Src/fsm_automatic.o
 .debug_macro   0x0000000000016801      0x177 ./Core/Src/fsm_automatic.o
 .debug_macro   0x0000000000016978       0x16 ./Core/Src/fsm_automatic.o
 .debug_macro   0x000000000001698e       0x16 ./Core/Src/fsm_automatic.o
 .debug_macro   0x00000000000169a4      0x147 ./Core/Src/fsm_automatic.o
 .debug_macro   0x0000000000016aeb      0x2c3 ./Core/Src/fsm_manual.o
 .debug_macro   0x0000000000016dae      0x2c3 ./Core/Src/fsm_tuning.o
 .debug_macro   0x0000000000017071      0x1c1 ./Core/Src/global.o
 .debug_macro   0x0000000000017232      0x208 ./Core/Src/main.o
 .debug_macro   0x000000000001743a       0x16 ./Core/Src/main.o
 .debug_macro   0x0000000000017450      0x1c1 ./Core/Src/scheduler.o
 .debug_macro   0x0000000000017611       0x10 ./Core/Src/scheduler.o
 .debug_macro   0x0000000000017621       0x1a ./Core/Src/software_timer.o
 .debug_macro   0x000000000001763b      0x1b2 ./Core/Src/stm32f1xx_hal_msp.o
 .debug_macro   0x00000000000177ed      0x1bc ./Core/Src/stm32f1xx_it.o
 .debug_macro   0x00000000000179a9       0xff ./Core/Src/sysmem.o
 .debug_macro   0x0000000000017aa8      0x23c ./Core/Src/sysmem.o
 .debug_macro   0x0000000000017ce4      0x1a3 ./Core/Src/system_stm32f1xx.o
 .debug_macro   0x0000000000017e87      0x1c7 ./Drivers/STM32F1xx_HAL_Driver/Src/stm32f1xx_hal.o
 .debug_macro   0x000000000001804e      0x1a3 ./Drivers/STM32F1xx_HAL_Driver/Src/stm32f1xx_hal_cortex.o
 .debug_macro   0x00000000000181f1      0x20e ./Drivers/STM32F1xx_HAL_Driver/Src/stm32f1xx_hal_gpio.o
 .debug_macro   0x00000000000183ff      0x203 ./Drivers/STM32F1xx_HAL_Driver/Src/stm32f1xx_hal_pwr.o
 .debug_macro   0x0000000000018602      0x1b5 ./Drivers/STM32F1xx_HAL_Driver/Src/stm32f1xx_hal_rcc.o
 .debug_macro   0x00000000000187b7      0x1a4 ./Drivers/STM32F1xx_HAL_Driver/Src/stm32f1xx_hal_tim.o
 .debug_macro   0x000000000001895b      0x1a3 ./Drivers/STM32F1xx_HAL_Driver/Src/stm32f1xx_hal_tim_ex.o
 .debug_macro   0x0000000000018afe      0x1a4 ./Drivers/STM32F1xx_HAL_Driver/Src/stm32f1xx_hal_uart.o

.debug_line     0x0000000000000000    0x117c0
 .debug_line    0x0000000000000000      0x7c8 ./Core/Src/button.o
 .debug_line    0x00000000000007c8      0x7cd ./Core/Src/buzzer.o
 .debug_line    0x0000000000000f95      0xb8d ./Core/Src/fsm_automatic.o
 .debug_line    0x0000000000001b22      0xa88 ./Core/Src/fsm_manual.o
 .debug_line    0x00000000000025aa      0xbac ./Core/Src/fsm_tuning.o
 .debug_line    0x0000000000003156      0x7b9 ./Core/Src/global.o
 .debug_line    0x000000000000390f      0x944 ./Core/Src/main.o
 .debug_line    0x0000000000004253      0xa2b ./Core/Src/scheduler.o
 .debug_line    0x0000000000004c7e       0xe9 ./Core/Src/software_timer.o
 .debug_line    0x0000000000004d67      0x7f7 ./Core/Src/stm32f1xx_hal_msp.o
 .debug_line    0x000000000000555e      0x7df ./Core/Src/stm32f1xx_it.o
 .debug_line    0x0000000000005d3d      0x583 ./Core/Src/sysmem.o
 .debug_line    0x00000000000062c0      0x783 ./Core/Src/system_stm32f1xx.o
 .debug_line    0x0000000000006a43       0x78 ./Core/Startup/startup_stm32f103rbtx.o
 .debug_line    0x0000000000006abb      0x9b0 ./Drivers/STM32F1xx_HAL_Driver/Src/stm32f1xx_hal.o
 .debug_line    0x000000000000746b      0xb98 ./Drivers/STM32F1xx_HAL_Driver/Src/stm32f1xx_hal_cortex.o
 .debug_line    0x0000000000008003      0xa49 ./Drivers/STM32F1xx_HAL_Driver/Src/stm32f1xx_hal_gpio.o
 .debug_line    0x0000000000008a4c      0x932 ./Drivers/STM32F1xx_HAL_Driver/Src/stm32f1xx_hal_pwr.o
 .debug_line    0x000000000000937e      0xdb9 ./Drivers/STM32F1xx_HAL_Driver/Src/stm32f1xx_hal_rcc.o
 .debug_line    0x000000000000a137     0x349c ./Drivers/STM32F1xx_HAL_Driver/Src/stm32f1xx_hal_tim.o
 .debug_line    0x000000000000d5d3     0x190f ./Drivers/STM32F1xx_HAL_Driver/Src/stm32f1xx_hal_tim_ex.o
 .debug_line    0x000000000000eee2     0x28de ./Drivers/STM32F1xx_HAL_Driver/Src/stm32f1xx_hal_uart.o

.debug_str      0x0000000000000000    0x8b42c
 .debug_str     0x0000000000000000    0x83584 ./Core/Src/button.o
                                      0x838c2 (size before relaxing)
 .debug_str     0x0000000000083584      0xadd ./Core/Src/buzzer.o
                                      0x84304 (size before relaxing)
 .debug_str     0x0000000000084061     0x3afc ./Core/Src/fsm_automatic.o
                                      0x875c8 (size before relaxing)
 .debug_str     0x0000000000087b5d       0x3b ./Core/Src/fsm_manual.o
                                      0x87553 (size before relaxing)
 .debug_str     0x0000000000087b98       0xe1 ./Core/Src/fsm_tuning.o
                                      0x875ef (size before relaxing)
 .debug_str     0x0000000000087c79       0x4e ./Core/Src/global.o
                                      0x839cd (size before relaxing)
 .debug_str     0x0000000000087cc7      0x490 ./Core/Src/main.o
                                      0x845d1 (size before relaxing)
 .debug_str     0x0000000000088157       0xdc ./Core/Src/scheduler.o
                                      0x838e2 (size before relaxing)
 .debug_str     0x0000000000088233       0x34 ./Core/Src/software_timer.o
                                       0x2e00 (size before relaxing)
 .debug_str     0x0000000000088267      0x3a7 ./Core/Src/stm32f1xx_hal_msp.o
                                      0x84314 (size before relaxing)
 .debug_str     0x000000000008860e       0xec ./Core/Src/stm32f1xx_it.o
                                      0x83d1b (size before relaxing)
 .debug_str     0x00000000000886fa      0x4dc ./Core/Src/sysmem.o
                                       0x6002 (size before relaxing)
 .debug_str     0x0000000000088bd6       0x7e ./Core/Src/system_stm32f1xx.o
                                      0x83609 (size before relaxing)
 .debug_str     0x0000000000088c54       0x34 ./Core/Startup/startup_stm32f103rbtx.o
                                         0x6c (size before relaxing)
 .debug_str     0x0000000000088c88      0x38e ./Drivers/STM32F1xx_HAL_Driver/Src/stm32f1xx_hal.o
                                      0x83d3c (size before relaxing)
 .debug_str     0x0000000000089016      0x294 ./Drivers/STM32F1xx_HAL_Driver/Src/stm32f1xx_hal_cortex.o
                                      0x83c88 (size before relaxing)
 .debug_str     0x00000000000892aa      0x2c2 ./Drivers/STM32F1xx_HAL_Driver/Src/stm32f1xx_hal_gpio.o
                                      0x8398f (size before relaxing)
 .debug_str     0x000000000008956c      0x4f7 ./Drivers/STM32F1xx_HAL_Driver/Src/stm32f1xx_hal_pwr.o
                                      0x83b40 (size before relaxing)
 .debug_str     0x0000000000089a63      0x21d ./Drivers/STM32F1xx_HAL_Driver/Src/stm32f1xx_hal_rcc.o
                                      0x83a38 (size before relaxing)
 .debug_str     0x0000000000089c80      0xcfc ./Drivers/STM32F1xx_HAL_Driver/Src/stm32f1xx_hal_tim.o
                                      0x84a2a (size before relaxing)
 .debug_str     0x000000000008a97c      0x493 ./Drivers/STM32F1xx_HAL_Driver/Src/stm32f1xx_hal_tim_ex.o
                                      0x84246 (size before relaxing)
 .debug_str     0x000000000008ae0f      0x61d ./Drivers/STM32F1xx_HAL_Driver/Src/stm32f1xx_hal_uart.o
                                      0x840a9 (size before relaxing)

.debug_frame    0x0000000000000000     0x3c44
 .debug_frame   0x0000000000000000       0x84 ./Core/Src/button.o
 .debug_frame   0x0000000000000084       0xb0 ./Core/Src/buzzer.o
 .debug_frame   0x0000000000000134       0x34 ./Core/Src/fsm_automatic.o
 .debug_frame   0x0000000000000168       0x2c ./Core/Src/fsm_manual.o
 .debug_frame   0x0000000000000194       0x60 ./Core/Src/fsm_tuning.o
 .debug_frame   0x00000000000001f4       0xc8 ./Core/Src/global.o
 .debug_frame   0x00000000000002bc      0x114 ./Core/Src/main.o
 .debug_frame   0x00000000000003d0       0xf0 ./Core/Src/scheduler.o
 .debug_frame   0x00000000000004c0       0x88 ./Core/Src/software_timer.o
 .debug_frame   0x0000000000000548      0x13c ./Core/Src/stm32f1xx_hal_msp.o
 .debug_frame   0x0000000000000684      0x120 ./Core/Src/stm32f1xx_it.o
 .debug_frame   0x00000000000007a4       0x34 ./Core/Src/sysmem.o
 .debug_frame   0x00000000000007d8       0x58 ./Core/Src/system_stm32f1xx.o
 .debug_frame   0x0000000000000830      0x334 ./Drivers/STM32F1xx_HAL_Driver/Src/stm32f1xx_hal.o
 .debug_frame   0x0000000000000b64      0x428 ./Drivers/STM32F1xx_HAL_Driver/Src/stm32f1xx_hal_cortex.o
 .debug_frame   0x0000000000000f8c      0x14c ./Drivers/STM32F1xx_HAL_Driver/Src/stm32f1xx_hal_gpio.o
 .debug_frame   0x00000000000010d8      0x270 ./Drivers/STM32F1xx_HAL_Driver/Src/stm32f1xx_hal_pwr.o
 .debug_frame   0x0000000000001348      0x218 ./Drivers/STM32F1xx_HAL_Driver/Src/stm32f1xx_hal_rcc.o
 .debug_frame   0x0000000000001560     0x11bc ./Drivers/STM32F1xx_HAL_Driver/Src/stm32f1xx_hal_tim.o
 .debug_frame   0x000000000000271c      0x638 ./Drivers/STM32F1xx_HAL_Driver/Src/stm32f1xx_hal_tim_ex.o
 .debug_frame   0x0000000000002d54      0x944 ./Drivers/STM32F1xx_HAL_Driver/Src/stm32f1xx_hal_uart.o
 .debug_frame   0x0000000000003698      0x144 C:/ST/STM32CubeIDE_1.13.2/STM32CubeIDE/plugins/com.st.stm32cube.ide.mcu.externaltools.gnu-tools-for-stm32.11.3.rel1.win32_1.1.100.202309141235/tools/bin/../lib/gcc/arm-none-eabi/11.3.1/../../../../arm-none-eabi/lib/thumb/v7-m/nofp\libc_nano.a(libc_a-findfp.o)
 .debug_frame   0x00000000000037dc       0x6c C:/ST/STM32CubeIDE_1.13.2/STM32CubeIDE/plugins/com.st.stm32cube.ide.mcu.externaltools.gnu-tools-for-stm32.11.3.rel1.win32_1.1.100.202309141235/tools/bin/../lib/gcc/arm-none-eabi/11.3.1/../../../../arm-none-eabi/lib/thumb/v7-m/nofp\libc_nano.a(libc_a-sprintf.o)
 .debug_frame   0x0000000000003848       0x20 C:/ST/STM32CubeIDE_1.13.2/STM32CubeIDE/plugins/com.st.stm32cube.ide.mcu.externaltools.gnu-tools-for-stm32.11.3.rel1.win32_1.1.100.202309141235/tools/bin/../lib/gcc/arm-none-eabi/11.3.1/../../../../arm-none-eabi/lib/thumb/v7-m/nofp\libc_nano.a(libc_a-memset.o)
 .debug_frame   0x0000000000003868       0x38 C:/ST/STM32CubeIDE_1.13.2/STM32CubeIDE/plugins/com.st.stm32cube.ide.mcu.externaltools.gnu-tools-for-stm32.11.3.rel1.win32_1.1.100.202309141235/tools/bin/../lib/gcc/arm-none-eabi/11.3.1/../../../../arm-none-eabi/lib/thumb/v7-m/nofp\libc_nano.a(libc_a-reent.o)
 .debug_frame   0x00000000000038a0       0x20 C:/ST/STM32CubeIDE_1.13.2/STM32CubeIDE/plugins/com.st.stm32cube.ide.mcu.externaltools.gnu-tools-for-stm32.11.3.rel1.win32_1.1.100.202309141235/tools/bin/../lib/gcc/arm-none-eabi/11.3.1/../../../../arm-none-eabi/lib/thumb/v7-m/nofp\libc_nano.a(libc_a-errno.o)
 .debug_frame   0x00000000000038c0       0x2c C:/ST/STM32CubeIDE_1.13.2/STM32CubeIDE/plugins/com.st.stm32cube.ide.mcu.externaltools.gnu-tools-for-stm32.11.3.rel1.win32_1.1.100.202309141235/tools/bin/../lib/gcc/arm-none-eabi/11.3.1/../../../../arm-none-eabi/lib/thumb/v7-m/nofp\libc_nano.a(libc_a-init.o)
 .debug_frame   0x00000000000038ec       0xb0 C:/ST/STM32CubeIDE_1.13.2/STM32CubeIDE/plugins/com.st.stm32cube.ide.mcu.externaltools.gnu-tools-for-stm32.11.3.rel1.win32_1.1.100.202309141235/tools/bin/../lib/gcc/arm-none-eabi/11.3.1/../../../../arm-none-eabi/lib/thumb/v7-m/nofp\libc_nano.a(libc_a-lock.o)
 .debug_frame   0x000000000000399c       0x38 C:/ST/STM32CubeIDE_1.13.2/STM32CubeIDE/plugins/com.st.stm32cube.ide.mcu.externaltools.gnu-tools-for-stm32.11.3.rel1.win32_1.1.100.202309141235/tools/bin/../lib/gcc/arm-none-eabi/11.3.1/../../../../arm-none-eabi/lib/thumb/v7-m/nofp\libc_nano.a(libc_a-freer.o)
 .debug_frame   0x00000000000039d4       0x50 C:/ST/STM32CubeIDE_1.13.2/STM32CubeIDE/plugins/com.st.stm32cube.ide.mcu.externaltools.gnu-tools-for-stm32.11.3.rel1.win32_1.1.100.202309141235/tools/bin/../lib/gcc/arm-none-eabi/11.3.1/../../../../arm-none-eabi/lib/thumb/v7-m/nofp\libc_nano.a(libc_a-mallocr.o)
 .debug_frame   0x0000000000003a24       0x30 C:/ST/STM32CubeIDE_1.13.2/STM32CubeIDE/plugins/com.st.stm32cube.ide.mcu.externaltools.gnu-tools-for-stm32.11.3.rel1.win32_1.1.100.202309141235/tools/bin/../lib/gcc/arm-none-eabi/11.3.1/../../../../arm-none-eabi/lib/thumb/v7-m/nofp\libc_nano.a(libc_a-mlock.o)
 .debug_frame   0x0000000000003a54       0x90 C:/ST/STM32CubeIDE_1.13.2/STM32CubeIDE/plugins/com.st.stm32cube.ide.mcu.externaltools.gnu-tools-for-stm32.11.3.rel1.win32_1.1.100.202309141235/tools/bin/../lib/gcc/arm-none-eabi/11.3.1/../../../../arm-none-eabi/lib/thumb/v7-m/nofp\libc_nano.a(libc_a-nano-svfprintf.o)
 .debug_frame   0x0000000000003ae4       0x60 C:/ST/STM32CubeIDE_1.13.2/STM32CubeIDE/plugins/com.st.stm32cube.ide.mcu.externaltools.gnu-tools-for-stm32.11.3.rel1.win32_1.1.100.202309141235/tools/bin/../lib/gcc/arm-none-eabi/11.3.1/../../../../arm-none-eabi/lib/thumb/v7-m/nofp\libc_nano.a(libc_a-nano-vfprintf_i.o)
 .debug_frame   0x0000000000003b44       0x28 C:/ST/STM32CubeIDE_1.13.2/STM32CubeIDE/plugins/com.st.stm32cube.ide.mcu.externaltools.gnu-tools-for-stm32.11.3.rel1.win32_1.1.100.202309141235/tools/bin/../lib/gcc/arm-none-eabi/11.3.1/../../../../arm-none-eabi/lib/thumb/v7-m/nofp\libc_nano.a(libc_a-memmove.o)
 .debug_frame   0x0000000000003b6c       0x2c C:/ST/STM32CubeIDE_1.13.2/STM32CubeIDE/plugins/com.st.stm32cube.ide.mcu.externaltools.gnu-tools-for-stm32.11.3.rel1.win32_1.1.100.202309141235/tools/bin/../lib/gcc/arm-none-eabi/11.3.1/../../../../arm-none-eabi/lib/thumb/v7-m/nofp\libc_nano.a(libc_a-sbrkr.o)
 .debug_frame   0x0000000000003b98       0x28 C:/ST/STM32CubeIDE_1.13.2/STM32CubeIDE/plugins/com.st.stm32cube.ide.mcu.externaltools.gnu-tools-for-stm32.11.3.rel1.win32_1.1.100.202309141235/tools/bin/../lib/gcc/arm-none-eabi/11.3.1/../../../../arm-none-eabi/lib/thumb/v7-m/nofp\libc_nano.a(libc_a-memchr-stub.o)
 .debug_frame   0x0000000000003bc0       0x28 C:/ST/STM32CubeIDE_1.13.2/STM32CubeIDE/plugins/com.st.stm32cube.ide.mcu.externaltools.gnu-tools-for-stm32.11.3.rel1.win32_1.1.100.202309141235/tools/bin/../lib/gcc/arm-none-eabi/11.3.1/../../../../arm-none-eabi/lib/thumb/v7-m/nofp\libc_nano.a(libc_a-memcpy-stub.o)
 .debug_frame   0x0000000000003be8       0x3c C:/ST/STM32CubeIDE_1.13.2/STM32CubeIDE/plugins/com.st.stm32cube.ide.mcu.externaltools.gnu-tools-for-stm32.11.3.rel1.win32_1.1.100.202309141235/tools/bin/../lib/gcc/arm-none-eabi/11.3.1/../../../../arm-none-eabi/lib/thumb/v7-m/nofp\libc_nano.a(libc_a-reallocr.o)
 .debug_frame   0x0000000000003c24       0x20 C:/ST/STM32CubeIDE_1.13.2/STM32CubeIDE/plugins/com.st.stm32cube.ide.mcu.externaltools.gnu-tools-for-stm32.11.3.rel1.win32_1.1.100.202309141235/tools/bin/../lib/gcc/arm-none-eabi/11.3.1/../../../../arm-none-eabi/lib/thumb/v7-m/nofp\libc_nano.a(libc_a-msizer.o)

.debug_line_str
                0x0000000000000000       0x60
 .debug_line_str
                0x0000000000000000       0x60 ./Core/Startup/startup_stm32f103rbtx.o
                                         0x78 (size before relaxing)
